<!doctype html public "-//w3c//dtd html 4.0 transitional//en">
<html><head>
<title>Static Call Graph - [.\BUILD\Hobbyking_Cheetah_Compact_DRV8323.axf]</title></head>
<body><HR>
<H1>Static Call Graph for image .\BUILD\Hobbyking_Cheetah_Compact_DRV8323.axf</H1><HR>
<BR><P>#&#060CALLGRAPH&#062# ARM Linker, 5050106: Last Updated: Sat Jul 25 09:20:01 2020
<BR><P>
<H3>Maximum Stack Usage =       1288 bytes + Unknown(Cycles, Untraceable Function Pointers)</H3><H3>
Call chain for Maximum Stack Depth:</H3>
TIM1_UP_TIM10_IRQHandler &rArr; calibrate() &rArr; calibrate(PositionSensor*, GPIOStruct*, ControllerStruct*, PreferenceWriter*) &rArr; operator new[] (unsigned) &rArr; error &rArr; exit &rArr; fflush &rArr; _do_fflush &rArr; _fflush &rArr; _writebuf &rArr; _sys_write &rArr; init_serial() &rArr; serial_init &rArr; pinmap_pinout &rArr;  error (Cycle)
<P>
<H3>
Mutually Recursive functions
</H3> <LI><a href="#[14]">NMI_Handler</a>&nbsp;&nbsp;&nbsp;&rArr;&nbsp;&nbsp;&nbsp;<a href="#[14]">NMI_Handler</a><BR>
 <LI><a href="#[15]">HardFault_Handler</a>&nbsp;&nbsp;&nbsp;&rArr;&nbsp;&nbsp;&nbsp;<a href="#[15]">HardFault_Handler</a><BR>
 <LI><a href="#[16]">MemManage_Handler</a>&nbsp;&nbsp;&nbsp;&rArr;&nbsp;&nbsp;&nbsp;<a href="#[16]">MemManage_Handler</a><BR>
 <LI><a href="#[17]">BusFault_Handler</a>&nbsp;&nbsp;&nbsp;&rArr;&nbsp;&nbsp;&nbsp;<a href="#[17]">BusFault_Handler</a><BR>
 <LI><a href="#[18]">UsageFault_Handler</a>&nbsp;&nbsp;&nbsp;&rArr;&nbsp;&nbsp;&nbsp;<a href="#[18]">UsageFault_Handler</a><BR>
 <LI><a href="#[19]">SVC_Handler</a>&nbsp;&nbsp;&nbsp;&rArr;&nbsp;&nbsp;&nbsp;<a href="#[19]">SVC_Handler</a><BR>
 <LI><a href="#[1a]">DebugMon_Handler</a>&nbsp;&nbsp;&nbsp;&rArr;&nbsp;&nbsp;&nbsp;<a href="#[1a]">DebugMon_Handler</a><BR>
 <LI><a href="#[1b]">PendSV_Handler</a>&nbsp;&nbsp;&nbsp;&rArr;&nbsp;&nbsp;&nbsp;<a href="#[1b]">PendSV_Handler</a><BR>
 <LI><a href="#[1c]">SysTick_Handler</a>&nbsp;&nbsp;&nbsp;&rArr;&nbsp;&nbsp;&nbsp;<a href="#[1c]">SysTick_Handler</a><BR>
 <LI><a href="#[2f]">ADC_IRQHandler</a>&nbsp;&nbsp;&nbsp;&rArr;&nbsp;&nbsp;&nbsp;<a href="#[2f]">ADC_IRQHandler</a><BR>
 <LI><a href="#[2a5]">pinmap_pinout</a>&nbsp;&nbsp;&nbsp;&rArr;&nbsp;&nbsp;&nbsp;<a href="#[1c5]">error</a><BR>
 <LI><a href="#[227]">core_util_critical_section_enter</a>&nbsp;&nbsp;&nbsp;&rArr;&nbsp;&nbsp;&nbsp;<a href="#[220]">mbed_assert_internal</a><BR>
 <LI><a href="#[22b]">core_util_critical_section_exit</a>&nbsp;&nbsp;&nbsp;&rArr;&nbsp;&nbsp;&nbsp;<a href="#[220]">mbed_assert_internal</a><BR>
 <LI><a href="#[2ab]">mbed_error_vfprintf</a>&nbsp;&nbsp;&nbsp;&rArr;&nbsp;&nbsp;&nbsp;<a href="#[1db]">serial_init</a><BR>
 <LI><a href="#[29a]">gpio_mode</a>&nbsp;&nbsp;&nbsp;&rArr;&nbsp;&nbsp;&nbsp;<a href="#[2a6]">pin_mode</a><BR>
 <LI><a href="#[2b0]">gpio_set</a>&nbsp;&nbsp;&nbsp;&rArr;&nbsp;&nbsp;&nbsp;<a href="#[220]">mbed_assert_internal</a><BR>
 <LI><a href="#[2b2]">pin_function</a>&nbsp;&nbsp;&nbsp;&rArr;&nbsp;&nbsp;&nbsp;<a href="#[220]">mbed_assert_internal</a><BR>
 <LI><a href="#[1c4]">Set_GPIO_Clock</a>&nbsp;&nbsp;&nbsp;&rArr;&nbsp;&nbsp;&nbsp;<a href="#[1c5]">error</a><BR>
 <LI><a href="#[2a3]">pinmap_peripheral</a>&nbsp;&nbsp;&nbsp;&rArr;&nbsp;&nbsp;&nbsp;<a href="#[1c5]">error</a><BR>
 <LI><a href="#[2a4]">pinmap_merge</a>&nbsp;&nbsp;&nbsp;&rArr;&nbsp;&nbsp;&nbsp;<a href="#[1c5]">error</a><BR>
 <LI><a href="#[2b4]">init_uart</a>&nbsp;&nbsp;&nbsp;&rArr;&nbsp;&nbsp;&nbsp;<a href="#[1c5]">error</a><BR>
</UL>
<P>
<H3>
Function Pointers
</H3><UL>
 <LI><a href="#[8e]">&lang;Func2&rang;</a> from .\build\can.o(i.<Func2>) referenced from .\build\can.o(i._ZN4mbed3CANC1E7PinNameS1_i)
 <LI><a href="#[8b]">&lang;Func4&rang;</a> from .\build\serialbase.o(i.<Func4>) referenced from .\build\serialbase.o(i._ZN4mbed10SerialBaseC1E7PinNameS1_i)
 <LI><a href="#[2f]">ADC_IRQHandler</a> from .\build\startup_stm32f446xx.o(.text) referenced from .\build\startup_stm32f446xx.o(RESET)
 <LI><a href="#[17]">BusFault_Handler</a> from .\build\startup_stm32f446xx.o(.text) referenced from .\build\startup_stm32f446xx.o(RESET)
 <LI><a href="#[31]">CAN1_RX0_IRQHandler</a> from .\build\can_api.o(i.CAN1_RX0_IRQHandler) referenced from .\build\startup_stm32f446xx.o(RESET)
 <LI><a href="#[31]">CAN1_RX0_IRQHandler</a> from .\build\can_api.o(i.CAN1_RX0_IRQHandler) referenced from .\build\can_api.o(i.can_irq_set)
 <LI><a href="#[32]">CAN1_RX1_IRQHandler</a> from .\build\startup_stm32f446xx.o(.text) referenced from .\build\startup_stm32f446xx.o(RESET)
 <LI><a href="#[33]">CAN1_SCE_IRQHandler</a> from .\build\can_api.o(i.CAN1_SCE_IRQHandler) referenced from .\build\startup_stm32f446xx.o(RESET)
 <LI><a href="#[33]">CAN1_SCE_IRQHandler</a> from .\build\can_api.o(i.CAN1_SCE_IRQHandler) referenced from .\build\can_api.o(i.can_irq_set)
 <LI><a href="#[30]">CAN1_TX_IRQHandler</a> from .\build\can_api.o(i.CAN1_TX_IRQHandler) referenced from .\build\startup_stm32f446xx.o(RESET)
 <LI><a href="#[30]">CAN1_TX_IRQHandler</a> from .\build\can_api.o(i.CAN1_TX_IRQHandler) referenced from .\build\can_api.o(i.can_irq_set)
 <LI><a href="#[5b]">CAN2_RX0_IRQHandler</a> from .\build\can_api.o(i.CAN2_RX0_IRQHandler) referenced from .\build\startup_stm32f446xx.o(RESET)
 <LI><a href="#[5b]">CAN2_RX0_IRQHandler</a> from .\build\can_api.o(i.CAN2_RX0_IRQHandler) referenced from .\build\can_api.o(i.can_irq_set)
 <LI><a href="#[5c]">CAN2_RX1_IRQHandler</a> from .\build\startup_stm32f446xx.o(.text) referenced from .\build\startup_stm32f446xx.o(RESET)
 <LI><a href="#[5d]">CAN2_SCE_IRQHandler</a> from .\build\can_api.o(i.CAN2_SCE_IRQHandler) referenced from .\build\startup_stm32f446xx.o(RESET)
 <LI><a href="#[5d]">CAN2_SCE_IRQHandler</a> from .\build\can_api.o(i.CAN2_SCE_IRQHandler) referenced from .\build\can_api.o(i.can_irq_set)
 <LI><a href="#[5a]">CAN2_TX_IRQHandler</a> from .\build\can_api.o(i.CAN2_TX_IRQHandler) referenced from .\build\startup_stm32f446xx.o(RESET)
 <LI><a href="#[5a]">CAN2_TX_IRQHandler</a> from .\build\can_api.o(i.CAN2_TX_IRQHandler) referenced from .\build\can_api.o(i.can_irq_set)
 <LI><a href="#[6f]">CEC_IRQHandler</a> from .\build\startup_stm32f446xx.o(.text) referenced from .\build\startup_stm32f446xx.o(RESET)
 <LI><a href="#[69]">DCMI_IRQHandler</a> from .\build\startup_stm32f446xx.o(.text) referenced from .\build\startup_stm32f446xx.o(RESET)
 <LI><a href="#[28]">DMA1_Stream0_IRQHandler</a> from .\build\startup_stm32f446xx.o(.text) referenced from .\build\startup_stm32f446xx.o(RESET)
 <LI><a href="#[29]">DMA1_Stream1_IRQHandler</a> from .\build\startup_stm32f446xx.o(.text) referenced from .\build\startup_stm32f446xx.o(RESET)
 <LI><a href="#[2a]">DMA1_Stream2_IRQHandler</a> from .\build\startup_stm32f446xx.o(.text) referenced from .\build\startup_stm32f446xx.o(RESET)
 <LI><a href="#[2b]">DMA1_Stream3_IRQHandler</a> from .\build\startup_stm32f446xx.o(.text) referenced from .\build\startup_stm32f446xx.o(RESET)
 <LI><a href="#[2c]">DMA1_Stream4_IRQHandler</a> from .\build\startup_stm32f446xx.o(.text) referenced from .\build\startup_stm32f446xx.o(RESET)
 <LI><a href="#[2d]">DMA1_Stream5_IRQHandler</a> from .\build\startup_stm32f446xx.o(.text) referenced from .\build\startup_stm32f446xx.o(RESET)
 <LI><a href="#[2e]">DMA1_Stream6_IRQHandler</a> from .\build\startup_stm32f446xx.o(.text) referenced from .\build\startup_stm32f446xx.o(RESET)
 <LI><a href="#[4c]">DMA1_Stream7_IRQHandler</a> from .\build\startup_stm32f446xx.o(.text) referenced from .\build\startup_stm32f446xx.o(RESET)
 <LI><a href="#[55]">DMA2_Stream0_IRQHandler</a> from .\build\startup_stm32f446xx.o(.text) referenced from .\build\startup_stm32f446xx.o(RESET)
 <LI><a href="#[56]">DMA2_Stream1_IRQHandler</a> from .\build\startup_stm32f446xx.o(.text) referenced from .\build\startup_stm32f446xx.o(RESET)
 <LI><a href="#[57]">DMA2_Stream2_IRQHandler</a> from .\build\startup_stm32f446xx.o(.text) referenced from .\build\startup_stm32f446xx.o(RESET)
 <LI><a href="#[58]">DMA2_Stream3_IRQHandler</a> from .\build\startup_stm32f446xx.o(.text) referenced from .\build\startup_stm32f446xx.o(RESET)
 <LI><a href="#[59]">DMA2_Stream4_IRQHandler</a> from .\build\startup_stm32f446xx.o(.text) referenced from .\build\startup_stm32f446xx.o(RESET)
 <LI><a href="#[5f]">DMA2_Stream5_IRQHandler</a> from .\build\startup_stm32f446xx.o(.text) referenced from .\build\startup_stm32f446xx.o(RESET)
 <LI><a href="#[60]">DMA2_Stream6_IRQHandler</a> from .\build\startup_stm32f446xx.o(.text) referenced from .\build\startup_stm32f446xx.o(RESET)
 <LI><a href="#[61]">DMA2_Stream7_IRQHandler</a> from .\build\startup_stm32f446xx.o(.text) referenced from .\build\startup_stm32f446xx.o(RESET)
 <LI><a href="#[1a]">DebugMon_Handler</a> from .\build\startup_stm32f446xx.o(.text) referenced from .\build\startup_stm32f446xx.o(RESET)
 <LI><a href="#[23]">EXTI0_IRQHandler</a> from .\build\startup_stm32f446xx.o(.text) referenced from .\build\startup_stm32f446xx.o(RESET)
 <LI><a href="#[45]">EXTI15_10_IRQHandler</a> from .\build\startup_stm32f446xx.o(.text) referenced from .\build\startup_stm32f446xx.o(RESET)
 <LI><a href="#[24]">EXTI1_IRQHandler</a> from .\build\startup_stm32f446xx.o(.text) referenced from .\build\startup_stm32f446xx.o(RESET)
 <LI><a href="#[25]">EXTI2_IRQHandler</a> from .\build\startup_stm32f446xx.o(.text) referenced from .\build\startup_stm32f446xx.o(RESET)
 <LI><a href="#[26]">EXTI3_IRQHandler</a> from .\build\startup_stm32f446xx.o(.text) referenced from .\build\startup_stm32f446xx.o(RESET)
 <LI><a href="#[27]">EXTI4_IRQHandler</a> from .\build\startup_stm32f446xx.o(.text) referenced from .\build\startup_stm32f446xx.o(RESET)
 <LI><a href="#[34]">EXTI9_5_IRQHandler</a> from .\build\startup_stm32f446xx.o(.text) referenced from .\build\startup_stm32f446xx.o(RESET)
 <LI><a href="#[21]">FLASH_IRQHandler</a> from .\build\startup_stm32f446xx.o(.text) referenced from .\build\startup_stm32f446xx.o(RESET)
 <LI><a href="#[4d]">FMC_IRQHandler</a> from .\build\startup_stm32f446xx.o(.text) referenced from .\build\startup_stm32f446xx.o(RESET)
 <LI><a href="#[6a]">FPU_IRQHandler</a> from .\build\startup_stm32f446xx.o(.text) referenced from .\build\startup_stm32f446xx.o(RESET)
 <LI><a href="#[15]">HardFault_Handler</a> from .\build\startup_stm32f446xx.o(.text) referenced from .\build\startup_stm32f446xx.o(RESET)
 <LI><a href="#[3d]">I2C1_ER_IRQHandler</a> from .\build\startup_stm32f446xx.o(.text) referenced from .\build\startup_stm32f446xx.o(RESET)
 <LI><a href="#[3c]">I2C1_EV_IRQHandler</a> from .\build\startup_stm32f446xx.o(.text) referenced from .\build\startup_stm32f446xx.o(RESET)
 <LI><a href="#[3f]">I2C2_ER_IRQHandler</a> from .\build\startup_stm32f446xx.o(.text) referenced from .\build\startup_stm32f446xx.o(RESET)
 <LI><a href="#[3e]">I2C2_EV_IRQHandler</a> from .\build\startup_stm32f446xx.o(.text) referenced from .\build\startup_stm32f446xx.o(RESET)
 <LI><a href="#[64]">I2C3_ER_IRQHandler</a> from .\build\startup_stm32f446xx.o(.text) referenced from .\build\startup_stm32f446xx.o(RESET)
 <LI><a href="#[63]">I2C3_EV_IRQHandler</a> from .\build\startup_stm32f446xx.o(.text) referenced from .\build\startup_stm32f446xx.o(RESET)
 <LI><a href="#[72]">I2C4_Error_IRQHandler</a> from .\build\startup_stm32f446xx.o(.text) referenced from .\build\startup_stm32f446xx.o(RESET)
 <LI><a href="#[71]">I2C4_Event_IRQHandler</a> from .\build\startup_stm32f446xx.o(.text) referenced from .\build\startup_stm32f446xx.o(RESET)
 <LI><a href="#[16]">MemManage_Handler</a> from .\build\startup_stm32f446xx.o(.text) referenced from .\build\startup_stm32f446xx.o(RESET)
 <LI><a href="#[14]">NMI_Handler</a> from .\build\startup_stm32f446xx.o(.text) referenced from .\build\startup_stm32f446xx.o(RESET)
 <LI><a href="#[5e]">OTG_FS_IRQHandler</a> from .\build\startup_stm32f446xx.o(.text) referenced from .\build\startup_stm32f446xx.o(RESET)
 <LI><a href="#[47]">OTG_FS_WKUP_IRQHandler</a> from .\build\startup_stm32f446xx.o(.text) referenced from .\build\startup_stm32f446xx.o(RESET)
 <LI><a href="#[66]">OTG_HS_EP1_IN_IRQHandler</a> from .\build\startup_stm32f446xx.o(.text) referenced from .\build\startup_stm32f446xx.o(RESET)
 <LI><a href="#[65]">OTG_HS_EP1_OUT_IRQHandler</a> from .\build\startup_stm32f446xx.o(.text) referenced from .\build\startup_stm32f446xx.o(RESET)
 <LI><a href="#[68]">OTG_HS_IRQHandler</a> from .\build\startup_stm32f446xx.o(.text) referenced from .\build\startup_stm32f446xx.o(RESET)
 <LI><a href="#[67]">OTG_HS_WKUP_IRQHandler</a> from .\build\startup_stm32f446xx.o(.text) referenced from .\build\startup_stm32f446xx.o(RESET)
 <LI><a href="#[1e]">PVD_IRQHandler</a> from .\build\startup_stm32f446xx.o(.text) referenced from .\build\startup_stm32f446xx.o(RESET)
 <LI><a href="#[1b]">PendSV_Handler</a> from .\build\startup_stm32f446xx.o(.text) referenced from .\build\startup_stm32f446xx.o(RESET)
 <LI><a href="#[6e]">QuadSPI_IRQHandler</a> from .\build\startup_stm32f446xx.o(.text) referenced from .\build\startup_stm32f446xx.o(RESET)
 <LI><a href="#[22]">RCC_IRQHandler</a> from .\build\startup_stm32f446xx.o(.text) referenced from .\build\startup_stm32f446xx.o(RESET)
 <LI><a href="#[46]">RTC_Alarm_IRQHandler</a> from .\build\startup_stm32f446xx.o(.text) referenced from .\build\startup_stm32f446xx.o(RESET)
 <LI><a href="#[20]">RTC_WKUP_IRQHandler</a> from .\build\startup_stm32f446xx.o(.text) referenced from .\build\startup_stm32f446xx.o(RESET)
 <LI><a href="#[13]">Reset_Handler</a> from .\build\startup_stm32f446xx.o(.text) referenced from .\build\startup_stm32f446xx.o(RESET)
 <LI><a href="#[6c]">SAI1_IRQHandler</a> from .\build\startup_stm32f446xx.o(.text) referenced from .\build\startup_stm32f446xx.o(RESET)
 <LI><a href="#[6d]">SAI2_IRQHandler</a> from .\build\startup_stm32f446xx.o(.text) referenced from .\build\startup_stm32f446xx.o(RESET)
 <LI><a href="#[4e]">SDIO_IRQHandler</a> from .\build\startup_stm32f446xx.o(.text) referenced from .\build\startup_stm32f446xx.o(RESET)
 <LI><a href="#[70]">SPDIF_RX_IRQHandler</a> from .\build\startup_stm32f446xx.o(.text) referenced from .\build\startup_stm32f446xx.o(RESET)
 <LI><a href="#[40]">SPI1_IRQHandler</a> from .\build\startup_stm32f446xx.o(.text) referenced from .\build\startup_stm32f446xx.o(RESET)
 <LI><a href="#[41]">SPI2_IRQHandler</a> from .\build\startup_stm32f446xx.o(.text) referenced from .\build\startup_stm32f446xx.o(RESET)
 <LI><a href="#[50]">SPI3_IRQHandler</a> from .\build\startup_stm32f446xx.o(.text) referenced from .\build\startup_stm32f446xx.o(RESET)
 <LI><a href="#[6b]">SPI4_IRQHandler</a> from .\build\startup_stm32f446xx.o(.text) referenced from .\build\startup_stm32f446xx.o(RESET)
 <LI><a href="#[80]">SPI_2linesRxISR_16BIT</a> from .\build\stm32f4xx_hal_spi.o(i.SPI_2linesRxISR_16BIT) referenced from .\build\stm32f4xx_hal_spi.o(i.HAL_SPI_TransmitReceive_IT)
 <LI><a href="#[87]">SPI_2linesRxISR_16BITCRC</a> from .\build\stm32f4xx_hal_spi.o(i.SPI_2linesRxISR_16BITCRC) referenced from .\build\stm32f4xx_hal_spi.o(i.SPI_2linesRxISR_16BIT)
 <LI><a href="#[82]">SPI_2linesRxISR_8BIT</a> from .\build\stm32f4xx_hal_spi.o(i.SPI_2linesRxISR_8BIT) referenced from .\build\stm32f4xx_hal_spi.o(i.HAL_SPI_TransmitReceive_IT)
 <LI><a href="#[88]">SPI_2linesRxISR_8BITCRC</a> from .\build\stm32f4xx_hal_spi.o(i.SPI_2linesRxISR_8BITCRC) referenced from .\build\stm32f4xx_hal_spi.o(i.SPI_2linesRxISR_8BIT)
 <LI><a href="#[81]">SPI_2linesTxISR_16BIT</a> from .\build\stm32f4xx_hal_spi.o(i.SPI_2linesTxISR_16BIT) referenced from .\build\stm32f4xx_hal_spi.o(i.HAL_SPI_TransmitReceive_IT)
 <LI><a href="#[83]">SPI_2linesTxISR_8BIT</a> from .\build\stm32f4xx_hal_spi.o(i.SPI_2linesTxISR_8BIT) referenced from .\build\stm32f4xx_hal_spi.o(i.HAL_SPI_TransmitReceive_IT)
 <LI><a href="#[7d]">SPI_DMAAbortOnError</a> from .\build\stm32f4xx_hal_spi.o(i.SPI_DMAAbortOnError) referenced from .\build\stm32f4xx_hal_spi.o(i.HAL_SPI_IRQHandler)
 <LI><a href="#[7e]">SPI_RxISR_16BIT</a> from .\build\stm32f4xx_hal_spi.o(i.SPI_RxISR_16BIT) referenced from .\build\stm32f4xx_hal_spi.o(i.HAL_SPI_Receive_IT)
 <LI><a href="#[89]">SPI_RxISR_16BITCRC</a> from .\build\stm32f4xx_hal_spi.o(i.SPI_RxISR_16BITCRC) referenced from .\build\stm32f4xx_hal_spi.o(i.SPI_RxISR_16BIT)
 <LI><a href="#[7f]">SPI_RxISR_8BIT</a> from .\build\stm32f4xx_hal_spi.o(i.SPI_RxISR_8BIT) referenced from .\build\stm32f4xx_hal_spi.o(i.HAL_SPI_Receive_IT)
 <LI><a href="#[8a]">SPI_RxISR_8BITCRC</a> from .\build\stm32f4xx_hal_spi.o(i.SPI_RxISR_8BITCRC) referenced from .\build\stm32f4xx_hal_spi.o(i.SPI_RxISR_8BIT)
 <LI><a href="#[84]">SPI_TxISR_16BIT</a> from .\build\stm32f4xx_hal_spi.o(i.SPI_TxISR_16BIT) referenced from .\build\stm32f4xx_hal_spi.o(i.HAL_SPI_Transmit_IT)
 <LI><a href="#[85]">SPI_TxISR_8BIT</a> from .\build\stm32f4xx_hal_spi.o(i.SPI_TxISR_8BIT) referenced from .\build\stm32f4xx_hal_spi.o(i.HAL_SPI_Transmit_IT)
 <LI><a href="#[19]">SVC_Handler</a> from .\build\startup_stm32f446xx.o(.text) referenced from .\build\startup_stm32f446xx.o(RESET)
 <LI><a href="#[1c]">SysTick_Handler</a> from .\build\startup_stm32f446xx.o(.text) referenced from .\build\startup_stm32f446xx.o(RESET)
 <LI><a href="#[73]">SystemInit</a> from .\build\system_clock.o(i.SystemInit) referenced from .\build\startup_stm32f446xx.o(.text)
 <LI><a href="#[1f]">TAMP_STAMP_IRQHandler</a> from .\build\startup_stm32f446xx.o(.text) referenced from .\build\startup_stm32f446xx.o(RESET)
 <LI><a href="#[35]">TIM1_BRK_TIM9_IRQHandler</a> from .\build\startup_stm32f446xx.o(.text) referenced from .\build\startup_stm32f446xx.o(RESET)
 <LI><a href="#[38]">TIM1_CC_IRQHandler</a> from .\build\startup_stm32f446xx.o(.text) referenced from .\build\startup_stm32f446xx.o(RESET)
 <LI><a href="#[37]">TIM1_TRG_COM_TIM11_IRQHandler</a> from .\build\startup_stm32f446xx.o(.text) referenced from .\build\startup_stm32f446xx.o(RESET)
 <LI><a href="#[36]">TIM1_UP_TIM10_IRQHandler</a> from .\build\main.o(i.TIM1_UP_TIM10_IRQHandler) referenced from .\build\startup_stm32f446xx.o(RESET)
 <LI><a href="#[39]">TIM2_IRQHandler</a> from .\build\startup_stm32f446xx.o(.text) referenced from .\build\startup_stm32f446xx.o(RESET)
 <LI><a href="#[3a]">TIM3_IRQHandler</a> from .\build\startup_stm32f446xx.o(.text) referenced from .\build\startup_stm32f446xx.o(RESET)
 <LI><a href="#[3b]">TIM4_IRQHandler</a> from .\build\startup_stm32f446xx.o(.text) referenced from .\build\startup_stm32f446xx.o(RESET)
 <LI><a href="#[4f]">TIM5_IRQHandler</a> from .\build\startup_stm32f446xx.o(.text) referenced from .\build\startup_stm32f446xx.o(RESET)
 <LI><a href="#[53]">TIM6_DAC_IRQHandler</a> from .\build\startup_stm32f446xx.o(.text) referenced from .\build\startup_stm32f446xx.o(RESET)
 <LI><a href="#[54]">TIM7_IRQHandler</a> from .\build\startup_stm32f446xx.o(.text) referenced from .\build\startup_stm32f446xx.o(RESET)
 <LI><a href="#[48]">TIM8_BRK_TIM12_IRQHandler</a> from .\build\startup_stm32f446xx.o(.text) referenced from .\build\startup_stm32f446xx.o(RESET)
 <LI><a href="#[4b]">TIM8_CC_IRQHandler</a> from .\build\startup_stm32f446xx.o(.text) referenced from .\build\startup_stm32f446xx.o(RESET)
 <LI><a href="#[4a]">TIM8_TRG_COM_TIM14_IRQHandler</a> from .\build\startup_stm32f446xx.o(.text) referenced from .\build\startup_stm32f446xx.o(RESET)
 <LI><a href="#[49]">TIM8_UP_TIM13_IRQHandler</a> from .\build\startup_stm32f446xx.o(.text) referenced from .\build\startup_stm32f446xx.o(RESET)
 <LI><a href="#[51]">UART4_IRQHandler</a> from .\build\startup_stm32f446xx.o(.text) referenced from .\build\startup_stm32f446xx.o(RESET)
 <LI><a href="#[52]">UART5_IRQHandler</a> from .\build\startup_stm32f446xx.o(.text) referenced from .\build\startup_stm32f446xx.o(RESET)
 <LI><a href="#[86]">UART_DMAAbortOnError</a> from .\build\stm32f4xx_hal_uart.o(i.UART_DMAAbortOnError) referenced from .\build\stm32f4xx_hal_uart.o(i.HAL_UART_IRQHandler)
 <LI><a href="#[42]">USART1_IRQHandler</a> from .\build\startup_stm32f446xx.o(.text) referenced from .\build\startup_stm32f446xx.o(RESET)
 <LI><a href="#[43]">USART2_IRQHandler</a> from .\build\startup_stm32f446xx.o(.text) referenced from .\build\startup_stm32f446xx.o(RESET)
 <LI><a href="#[44]">USART3_IRQHandler</a> from .\build\startup_stm32f446xx.o(.text) referenced from .\build\startup_stm32f446xx.o(RESET)
 <LI><a href="#[62]">USART6_IRQHandler</a> from .\build\startup_stm32f446xx.o(.text) referenced from .\build\startup_stm32f446xx.o(RESET)
 <LI><a href="#[18]">UsageFault_Handler</a> from .\build\startup_stm32f446xx.o(.text) referenced from .\build\startup_stm32f446xx.o(RESET)
 <LI><a href="#[1d]">WWDG_IRQHandler</a> from .\build\startup_stm32f446xx.o(.text) referenced from .\build\startup_stm32f446xx.o(RESET)
 <LI><a href="#[95]">onMsgReceived()</a> from .\build\main.o(i._Z13onMsgReceivedv) referenced from .\build\main.o(i.main)
 <LI><a href="#[96]">serial_interrupt()</a> from .\build\main.o(i._Z16serial_interruptv) referenced from .\build\main.o(i.main)
 <LI><a href="#[a7]">PositionSensor::GetMechPositionFixed()</a> from .\build\positionsensor.o(i._ZN14PositionSensor20GetMechPositionFixedEv) referenced from .\build\positionsensor.o(.constdata__ZTV14PositionSensor)
 <LI><a href="#[ae]">PositionSensorAM5147::ZeroPosition()</a> from .\build\positionsensor.o(i._ZN20PositionSensorAM514712ZeroPositionEv) referenced from .\build\positionsensor.o(.constdata__ZTV20PositionSensorAM5147)
 <LI><a href="#[b0]">PositionSensorAM5147::SetElecOffset(float)</a> from .\build\positionsensor.o(i._ZN20PositionSensorAM514713SetElecOffsetEf) referenced from .\build\positionsensor.o(.constdata__ZTV20PositionSensorAM5147)
 <LI><a href="#[b3]">PositionSensorAM5147::SetMechOffset(float)</a> from .\build\positionsensor.o(i._ZN20PositionSensorAM514713SetMechOffsetEf) referenced from .\build\positionsensor.o(.constdata__ZTV20PositionSensorAM5147)
 <LI><a href="#[af]">PositionSensorAM5147::GetRawPosition()</a> from .\build\positionsensor.o(i._ZN20PositionSensorAM514714GetRawPositionEv) referenced from .\build\positionsensor.o(.constdata__ZTV20PositionSensorAM5147)
 <LI><a href="#[ab]">PositionSensorAM5147::GetElecPosition()</a> from .\build\positionsensor.o(i._ZN20PositionSensorAM514715GetElecPositionEv) referenced from .\build\positionsensor.o(.constdata__ZTV20PositionSensorAM5147)
 <LI><a href="#[ad]">PositionSensorAM5147::GetElecVelocity()</a> from .\build\positionsensor.o(i._ZN20PositionSensorAM514715GetElecVelocityEv) referenced from .\build\positionsensor.o(.constdata__ZTV20PositionSensorAM5147)
 <LI><a href="#[a9]">PositionSensorAM5147::GetMechPosition()</a> from .\build\positionsensor.o(i._ZN20PositionSensorAM514715GetMechPositionEv) referenced from .\build\positionsensor.o(.constdata__ZTV20PositionSensorAM5147)
 <LI><a href="#[ac]">PositionSensorAM5147::GetMechVelocity()</a> from .\build\positionsensor.o(i._ZN20PositionSensorAM514715GetMechVelocityEv) referenced from .\build\positionsensor.o(.constdata__ZTV20PositionSensorAM5147)
 <LI><a href="#[aa]">PositionSensorAM5147::GetMechPositionFixed()</a> from .\build\positionsensor.o(i._ZN20PositionSensorAM514720GetMechPositionFixedEv) referenced from .\build\positionsensor.o(.constdata__ZTV20PositionSensorAM5147)
 <LI><a href="#[b1]">PositionSensorAM5147::GetCPR()</a> from .\build\positionsensor.o(i._ZN20PositionSensorAM51476GetCPREv) referenced from .\build\positionsensor.o(.constdata__ZTV20PositionSensorAM5147)
 <LI><a href="#[a8]">PositionSensorAM5147::Sample(float)</a> from .\build\positionsensor.o(i._ZN20PositionSensorAM51476SampleEf) referenced from .\build\positionsensor.o(.constdata__ZTV20PositionSensorAM5147)
 <LI><a href="#[b2]">PositionSensorAM5147::WriteLUT(int*)</a> from .\build\positionsensor.o(i._ZN20PositionSensorAM51478WriteLUTEPi) referenced from .\build\positionsensor.o(.constdata__ZTV20PositionSensorAM5147)
 <LI><a href="#[b5]">mbed::FileHandle::size()</a> from .\build\filehandle.o(i._ZN4mbed10FileHandle4sizeEv) referenced from .\build\filehandle.o(.constdata__ZTVN4mbed10FileHandleE)
 <LI><a href="#[b5]">mbed::FileHandle::size()</a> from .\build\filehandle.o(i._ZN4mbed10FileHandle4sizeEv) referenced from .\build\stream.o(.constdata__ZTVN4mbed8FileLikeE)
 <LI><a href="#[b4]">mbed::FileHandle::isatty()</a> from .\build\filehandle.o(i._ZN4mbed10FileHandle6isattyEv) referenced from .\build\filehandle.o(.constdata__ZTVN4mbed10FileHandleE)
 <LI><a href="#[b4]">mbed::FileHandle::isatty()</a> from .\build\filehandle.o(i._ZN4mbed10FileHandle6isattyEv) referenced from .\build\stream.o(.constdata__ZTVN4mbed8FileLikeE)
 <LI><a href="#[8c]">mbed::SerialBase::_irq_handler(unsigned, SerialIrq)</a> from .\build\serialbase.o(i._ZN4mbed10SerialBase12_irq_handlerEj9SerialIrq) referenced from .\build\serialbase.o(i._ZN4mbed10SerialBaseC1E7PinNameS1_i)
 <LI><a href="#[11]">mbed::SerialBase::interrupt_handler_asynch()</a> from .\build\serialbase.o(i._ZN4mbed10SerialBase24interrupt_handler_asynchEv) referenced 2 times from .\build\serialbase.o(.data)
 <LI><a href="#[b6]">mbed::SerialBase::lock()</a> from .\build\serialbase.o(i._ZN4mbed10SerialBase4lockEv) referenced from .\build\serialbase.o(.constdata__ZTVN4mbed10SerialBaseE)
 <LI><a href="#[b7]">mbed::SerialBase::unlock()</a> from .\build\serialbase.o(i._ZN4mbed10SerialBase6unlockEv) referenced from .\build\serialbase.o(.constdata__ZTVN4mbed10SerialBaseE)
 <LI><a href="#[b8]">mbed::SerialBase::~SerialBase()</a> from .\build\serialbase.o(i._ZN4mbed10SerialBaseD1Ev) referenced from .\build\serialbase.o(.constdata__ZTVN4mbed10SerialBaseE)
 <LI><a href="#[90]">mbed::Transaction&lang;mbed::SPI&rang;::Transaction()</a> from .\build\spi.o(t._ZN4mbed11TransactionINS_3SPIEEC1Ev) referenced from .\build\spi.o(i.__sti___7_SPI_cpp_ab1f1164)
 <LI><a href="#[9d]">mbed::Transaction&lang;mbed::SPI&rang;::~Transaction()</a> from .\build\spi.o(t._ZN4mbed11TransactionINS_3SPIEED1Ev) referenced from .\build\spi.o(t._ZN4mbed14CircularBufferINS_11TransactionINS_3SPIEEELj2EjED1Ev)
 <LI><a href="#[91]">mbed::CircularBuffer&lang;mbed::Transaction&lang;mbed::SPI&rang;, (unsigned)2, unsigned&rang;::~CircularBuffer()</a> from .\build\spi.o(t._ZN4mbed14CircularBufferINS_11TransactionINS_3SPIEEELj2EjED1Ev) referenced from .\build\spi.o(i.__sti___7_SPI_cpp_ab1f1164)
 <LI><a href="#[8f]">mbed::CAN::_irq_handler(unsigned, CanIrqType)</a> from .\build\can.o(i._ZN4mbed3CAN12_irq_handlerEj10CanIrqType) referenced from .\build\can.o(i._ZN4mbed3CANC1E7PinNameS1_i)
 <LI><a href="#[b9]">mbed::CAN::lock()</a> from .\build\can.o(i._ZN4mbed3CAN4lockEv) referenced from .\build\can.o(.constdata__ZTVN4mbed3CANE)
 <LI><a href="#[ba]">mbed::CAN::unlock()</a> from .\build\can.o(i._ZN4mbed3CAN6unlockEv) referenced from .\build\can.o(.constdata__ZTVN4mbed3CANE)
 <LI><a href="#[93]">mbed::CAN::~CAN()</a> from .\build\can.o(i._ZN4mbed3CAND1Ev) referenced from .\build\can.o(.constdata__ZTVN4mbed3CANE)
 <LI><a href="#[93]">mbed::CAN::~CAN()</a> from .\build\can.o(i._ZN4mbed3CAND1Ev) referenced from .\build\main.o(i.__sti___8_main_cpp_prefs)
 <LI><a href="#[12]">mbed::SPI::irq_handler_asynch()</a> from .\build\spi.o(i._ZN4mbed3SPI18irq_handler_asynchEv) referenced 2 times from .\build\spi.o(.data)
 <LI><a href="#[bc]">mbed::SPI::lock()</a> from .\build\spi.o(i._ZN4mbed3SPI4lockEv) referenced from .\build\spi.o(.constdata__ZTVN4mbed3SPIE)
 <LI><a href="#[bb]">mbed::SPI::write(int)</a> from .\build\spi.o(i._ZN4mbed3SPI5writeEi) referenced from .\build\spi.o(.constdata__ZTVN4mbed3SPIE)
 <LI><a href="#[bd]">mbed::SPI::unlock()</a> from .\build\spi.o(i._ZN4mbed3SPI6unlockEv) referenced from .\build\spi.o(.constdata__ZTVN4mbed3SPIE)
 <LI><a href="#[94]">mbed::SPI::~SPI()</a> from .\build\spi.o(i._ZN4mbed3SPID1Ev) referenced from .\build\spi.o(.constdata__ZTVN4mbed3SPIE)
 <LI><a href="#[94]">mbed::SPI::~SPI()</a> from .\build\spi.o(i._ZN4mbed3SPID1Ev) referenced from .\build\main.o(i.__sti___8_main_cpp_prefs)
 <LI><a href="#[be]">mbed::Serial::lock()</a> from .\build\serial.o(i._ZN4mbed6Serial4lockEv) referenced from .\build\serial.o(.constdata__ZTVN4mbed6SerialE)
 <LI><a href="#[c0]">mbed::Serial::_getc()</a> from .\build\serial.o(i._ZN4mbed6Serial5_getcEv) referenced from .\build\serial.o(.constdata__ZTVN4mbed6SerialE)
 <LI><a href="#[c1]">mbed::Serial::_putc(int)</a> from .\build\serial.o(i._ZN4mbed6Serial5_putcEi) referenced from .\build\serial.o(.constdata__ZTVN4mbed6SerialE)
 <LI><a href="#[bf]">mbed::Serial::unlock()</a> from .\build\serial.o(i._ZN4mbed6Serial6unlockEv) referenced from .\build\serial.o(.constdata__ZTVN4mbed6SerialE)
 <LI><a href="#[92]">mbed::Serial::~Serial()</a> from .\build\main.o(i._ZN4mbed6SerialD1Ev) referenced from .\build\serial.o(.constdata__ZTVN4mbed6SerialE)
 <LI><a href="#[92]">mbed::Serial::~Serial()</a> from .\build\main.o(i._ZN4mbed6SerialD1Ev) referenced from .\build\main.o(i.__sti___8_main_cpp_prefs)
 <LI><a href="#[cd]">mbed::Stream::lock()</a> from .\build\stream.o(i._ZN4mbed6Stream4lockEv) referenced from .\build\stream.o(.constdata__ZTVN4mbed6StreamE)
 <LI><a href="#[c2]">mbed::Stream::read(void*, unsigned)</a> from .\build\stream.o(i._ZN4mbed6Stream4readEPvj) referenced from .\build\serial.o(.constdata__ZTVN4mbed6SerialE)
 <LI><a href="#[c2]">mbed::Stream::read(void*, unsigned)</a> from .\build\stream.o(i._ZN4mbed6Stream4readEPvj) referenced from .\build\stream.o(.constdata__ZTVN4mbed6StreamE)
 <LI><a href="#[c4]">mbed::Stream::seek(long, int)</a> from .\build\stream.o(i._ZN4mbed6Stream4seekEli) referenced from .\build\serial.o(.constdata__ZTVN4mbed6SerialE)
 <LI><a href="#[c4]">mbed::Stream::seek(long, int)</a> from .\build\stream.o(i._ZN4mbed6Stream4seekEli) referenced from .\build\stream.o(.constdata__ZTVN4mbed6StreamE)
 <LI><a href="#[c7]">mbed::Stream::size()</a> from .\build\stream.o(i._ZN4mbed6Stream4sizeEv) referenced from .\build\serial.o(.constdata__ZTVN4mbed6SerialE)
 <LI><a href="#[c7]">mbed::Stream::size()</a> from .\build\stream.o(i._ZN4mbed6Stream4sizeEv) referenced from .\build\stream.o(.constdata__ZTVN4mbed6StreamE)
 <LI><a href="#[c5]">mbed::Stream::close()</a> from .\build\stream.o(i._ZN4mbed6Stream5closeEv) referenced from .\build\serial.o(.constdata__ZTVN4mbed6SerialE)
 <LI><a href="#[c5]">mbed::Stream::close()</a> from .\build\stream.o(i._ZN4mbed6Stream5closeEv) referenced from .\build\stream.o(.constdata__ZTVN4mbed6StreamE)
 <LI><a href="#[c3]">mbed::Stream::write(const void*, unsigned)</a> from .\build\stream.o(i._ZN4mbed6Stream5writeEPKvj) referenced from .\build\serial.o(.constdata__ZTVN4mbed6SerialE)
 <LI><a href="#[c3]">mbed::Stream::write(const void*, unsigned)</a> from .\build\stream.o(i._ZN4mbed6Stream5writeEPKvj) referenced from .\build\stream.o(.constdata__ZTVN4mbed6StreamE)
 <LI><a href="#[c6]">mbed::Stream::isatty()</a> from .\build\stream.o(i._ZN4mbed6Stream6isattyEv) referenced from .\build\serial.o(.constdata__ZTVN4mbed6SerialE)
 <LI><a href="#[c6]">mbed::Stream::isatty()</a> from .\build\stream.o(i._ZN4mbed6Stream6isattyEv) referenced from .\build\stream.o(.constdata__ZTVN4mbed6StreamE)
 <LI><a href="#[ce]">mbed::Stream::unlock()</a> from .\build\stream.o(i._ZN4mbed6Stream6unlockEv) referenced from .\build\stream.o(.constdata__ZTVN4mbed6StreamE)
 <LI><a href="#[cc]">mbed::Stream::~Stream__sub_object()</a> from .\build\stream.o(i._ZN4mbed6StreamD2Ev) referenced from .\build\stream.o(.constdata__ZTVN4mbed6StreamE)
 <LI><a href="#[d1]">void mbed::Callback&lang;void(int)&rang;::function_call&lang;void(*)(int)&rang;(const void*, int)</a> from .\build\i2c.o(t._ZN4mbed8CallbackIFviEE13function_callIPS1_EEvPKvi) referenced from .\build\i2c.o(.constdata__ZZN4mbed8CallbackIFviEE8generateIPS1_EEvRKT_E3ops)
 <LI><a href="#[d3]">void mbed::Callback&lang;void(int)&rang;::function_dtor&lang;void(*)(int)&rang;(void*)</a> from .\build\i2c.o(t._ZN4mbed8CallbackIFviEE13function_dtorIPS1_EEvPv) referenced from .\build\i2c.o(.constdata__ZZN4mbed8CallbackIFviEE8generateIPS1_EEvRKT_E3ops)
 <LI><a href="#[d2]">void mbed::Callback&lang;void(int)&rang;::function_move&lang;void(*)(int)&rang;(void*, const void*)</a> from .\build\i2c.o(t._ZN4mbed8CallbackIFviEE13function_moveIPS1_EEvPvPKv) referenced from .\build\i2c.o(.constdata__ZZN4mbed8CallbackIFviEE8generateIPS1_EEvRKT_E3ops)
 <LI><a href="#[d4]">void mbed::Callback&lang;void()&rang;::function_call&lang;void(*)()&rang;(const void*)</a> from .\build\main.o(t._ZN4mbed8CallbackIFvvEE13function_callIPS1_EEvPKv) referenced from .\build\main.o(.constdata__ZZN4mbed8CallbackIFvvEE8generateIPS1_EEvRKT_E3ops)
 <LI><a href="#[d6]">void mbed::Callback&lang;void()&rang;::function_dtor&lang;void(*)()&rang;(void*)</a> from .\build\main.o(t._ZN4mbed8CallbackIFvvEE13function_dtorIPS1_EEvPv) referenced from .\build\main.o(.constdata__ZZN4mbed8CallbackIFvvEE8generateIPS1_EEvRKT_E3ops)
 <LI><a href="#[d5]">void mbed::Callback&lang;void()&rang;::function_move&lang;void(*)()&rang;(void*, const void*)</a> from .\build\main.o(t._ZN4mbed8CallbackIFvvEE13function_moveIPS1_EEvPvPKv) referenced from .\build\main.o(.constdata__ZZN4mbed8CallbackIFvvEE8generateIPS1_EEvRKT_E3ops)
 <LI><a href="#[8d]">mbed::Callback&lang;void()&rang;::~Callback()</a> from .\build\main.o(t._ZN4mbed8CallbackIFvvEED1Ev) referenced from .\build\serialbase.o(i._ZN4mbed10SerialBaseD1Ev)
 <LI><a href="#[8d]">mbed::Callback&lang;void()&rang;::~Callback()</a> from .\build\main.o(t._ZN4mbed8CallbackIFvvEED1Ev) referenced from .\build\can.o(i._ZN4mbed3CAND1Ev)
 <LI><a href="#[cf]">mbed::FileBase::~FileBase()</a> from .\build\filebase.o(i._ZN4mbed8FileBaseD1Ev) referenced from .\build\filebase.o(.constdata__ZTVN4mbed8FileBaseE)
 <LI><a href="#[d0]">mbed::FileLike::~FileLike__sub_object()</a> from .\build\stream.o(i._ZN4mbed8FileLikeD2Ev) referenced from .\build\stream.o(.constdata__ZTVN4mbed8FileLikeE)
 <LI><a href="#[9e]">CThunk&lang;mbed::SerialBase&rang;::trampoline(mbed::SerialBase*, void*, void(mbed::SerialBase::**)(void*))</a> from .\build\serialbase.o(t._ZN6CThunkIN4mbed10SerialBaseEE10trampolineEPS1_PvPMS1_FvS4_E) referenced from .\build\serialbase.o(t._ZN6CThunkIN4mbed10SerialBaseEE4initEPS1_MS1_FvPvES4_)
 <LI><a href="#[9f]">CThunk&lang;mbed::SPI&rang;::trampoline(mbed::SPI*, void*, void(mbed::SPI::**)(void*))</a> from .\build\spi.o(t._ZN6CThunkIN4mbed3SPIEE10trampolineEPS1_PvPMS1_FvS4_E) referenced from .\build\spi.o(t._ZN6CThunkIN4mbed3SPIEE4initEPS1_MS1_FvPvES4_)
 <LI><a href="#[ca]">thunk{-188} to mbed::Serial::lock()</a> from .\build\serial.o(i._ZThn188_N4mbed6Serial4lockEv) referenced from .\build\serial.o(.constdata__ZTVN4mbed6SerialE)
 <LI><a href="#[c9]">thunk{-188} to mbed::Serial::_getc()</a> from .\build\serial.o(i._ZThn188_N4mbed6Serial5_getcEv) referenced from .\build\serial.o(.constdata__ZTVN4mbed6SerialE)
 <LI><a href="#[c8]">thunk{-188} to mbed::Serial::_putc(int)</a> from .\build\serial.o(i._ZThn188_N4mbed6Serial5_putcEi) referenced from .\build\serial.o(.constdata__ZTVN4mbed6SerialE)
 <LI><a href="#[cb]">thunk{-188} to mbed::Serial::unlock()</a> from .\build\serial.o(i._ZThn188_N4mbed6Serial6unlockEv) referenced from .\build\serial.o(.constdata__ZTVN4mbed6SerialE)
 <LI><a href="#[a6]">__cxa_pure_virtual</a> from D:\MDK5\ARM\ARMCC\Bin\..\lib\cpplib\cpprt_w.l(pure_virt.o)(i.__cxa_pure_virtual) referenced 6 times from .\build\positionsensor.o(.constdata__ZTV14PositionSensor)
 <LI><a href="#[a6]">__cxa_pure_virtual</a> from D:\MDK5\ARM\ARMCC\Bin\..\lib\cpplib\cpprt_w.l(pure_virt.o)(i.__cxa_pure_virtual) referenced 4 times from .\build\filehandle.o(.constdata__ZTVN4mbed10FileHandleE)
 <LI><a href="#[a6]">__cxa_pure_virtual</a> from D:\MDK5\ARM\ARMCC\Bin\..\lib\cpplib\cpprt_w.l(pure_virt.o)(i.__cxa_pure_virtual) referenced 2 times from .\build\stream.o(.constdata__ZTVN4mbed6StreamE)
 <LI><a href="#[a6]">__cxa_pure_virtual</a> from D:\MDK5\ARM\ARMCC\Bin\..\lib\cpplib\cpprt_w.l(pure_virt.o)(i.__cxa_pure_virtual) referenced 4 times from .\build\stream.o(.constdata__ZTVN4mbed8FileLikeE)
 <LI><a href="#[d9]">__main</a> from D:\MDK5\ARM\ARMCC\Bin\..\lib\armlib\c_w.l(__main.o)(!!!main) referenced from .\build\startup_stm32f446xx.o(.text)
 <LI><a href="#[d8]">__sti___7_SPI_cpp_ab1f1164</a> from .\build\spi.o(i.__sti___7_SPI_cpp_ab1f1164) referenced from .\build\spi.o(.init_array)
 <LI><a href="#[d7]">__sti___8_main_cpp_prefs</a> from .\build\main.o(i.__sti___8_main_cpp_prefs) referenced from .\build\main.o(.init_array)
 <LI><a href="#[7b]">_get_lc_ctype</a> from D:\MDK5\ARM\ARMCC\Bin\..\lib\armlib\c_w.l(lc_ctype_c.o)(locale$$code) referenced from D:\MDK5\ARM\ARMCC\Bin\..\lib\armlib\c_w.l(rt_ctype_table.o)(.text)
 <LI><a href="#[76]">_printf_input_char</a> from D:\MDK5\ARM\ARMCC\Bin\..\lib\armlib\c_w.l(_printf_char_common.o)(.text) referenced from D:\MDK5\ARM\ARMCC\Bin\..\lib\armlib\c_w.l(_printf_char_common.o)(.text)
 <LI><a href="#[79]">_sbackspace</a> from D:\MDK5\ARM\ARMCC\Bin\..\lib\armlib\c_w.l(_sgetc.o)(.text) referenced from D:\MDK5\ARM\ARMCC\Bin\..\lib\armlib\c_w.l(strtod.o)(.text)
 <LI><a href="#[78]">_sgetc</a> from D:\MDK5\ARM\ARMCC\Bin\..\lib\armlib\c_w.l(_sgetc.o)(.text) referenced from D:\MDK5\ARM\ARMCC\Bin\..\lib\armlib\c_w.l(strtod.o)(.text)
 <LI><a href="#[75]">_snputc</a> from D:\MDK5\ARM\ARMCC\Bin\..\lib\armlib\c_w.l(_snputc.o)(.text) referenced from D:\MDK5\ARM\ARMCC\Bin\..\lib\armlib\c_w.l(vsnprintf.o)(.text)
 <LI><a href="#[77]">fputc</a> from D:\MDK5\ARM\ARMCC\Bin\..\lib\armlib\c_w.l(fputc.o)(i.fputc) referenced from D:\MDK5\ARM\ARMCC\Bin\..\lib\armlib\c_w.l(_printf_char_file.o)(.text)
 <LI><a href="#[7a]">isspace</a> from D:\MDK5\ARM\ARMCC\Bin\..\lib\armlib\c_w.l(isspace.o)(.text) referenced from D:\MDK5\ARM\ARMCC\Bin\..\lib\armlib\c_w.l(strtod.o)(.text)
 <LI><a href="#[7c]">timer_irq_handler</a> from .\build\hal_tick_32b.o(i.timer_irq_handler) referenced from .\build\hal_tick_32b.o(i.HAL_InitTick)
 <LI><a href="#[97]">uart1_irq</a> from .\build\serial_device.o(i.uart1_irq) referenced from .\build\serial_device.o(i.serial_irq_set)
 <LI><a href="#[98]">uart2_irq</a> from .\build\serial_device.o(i.uart2_irq) referenced from .\build\serial_device.o(i.serial_irq_set)
 <LI><a href="#[99]">uart3_irq</a> from .\build\serial_device.o(i.uart3_irq) referenced from .\build\serial_device.o(i.serial_irq_set)
 <LI><a href="#[9a]">uart4_irq</a> from .\build\serial_device.o(i.uart4_irq) referenced from .\build\serial_device.o(i.serial_irq_set)
 <LI><a href="#[9b]">uart5_irq</a> from .\build\serial_device.o(i.uart5_irq) referenced from .\build\serial_device.o(i.serial_irq_set)
 <LI><a href="#[9c]">uart6_irq</a> from .\build\serial_device.o(i.uart6_irq) referenced from .\build\serial_device.o(i.serial_irq_set)
 <LI><a href="#[a3]">us_ticker_clear_interrupt</a> from .\build\us_ticker_32b.o(i.us_ticker_clear_interrupt) referenced from .\build\mbed_us_ticker_api.o(.constdata)
 <LI><a href="#[a2]">us_ticker_disable_interrupt</a> from .\build\us_ticker_32b.o(i.us_ticker_disable_interrupt) referenced from .\build\mbed_us_ticker_api.o(.constdata)
 <LI><a href="#[a5]">us_ticker_fire_interrupt</a> from .\build\us_ticker_32b.o(i.us_ticker_fire_interrupt) referenced from .\build\mbed_us_ticker_api.o(.constdata)
 <LI><a href="#[a0]">us_ticker_init</a> from .\build\us_ticker_32b.o(i.us_ticker_init) referenced from .\build\mbed_us_ticker_api.o(.constdata)
 <LI><a href="#[a1]">us_ticker_read</a> from .\build\us_ticker_32b.o(i.us_ticker_read) referenced from .\build\mbed_us_ticker_api.o(.constdata)
 <LI><a href="#[a4]">us_ticker_set_interrupt</a> from .\build\us_ticker_32b.o(i.us_ticker_set_interrupt) referenced from .\build\mbed_us_ticker_api.o(.constdata)
</UL>
<P>
<H3>
Global Symbols
</H3>
<P><STRONG><a name="[d9]"></a>__main</STRONG> (Thumb, 8 bytes, Stack size 0 bytes, D:\MDK5\ARM\ARMCC\Bin\..\lib\armlib\c_w.l(__main.o)(!!!main))
<BR><BR>[Calls]<UL><LI><a href="#[dc]">&gt;&gt;</a>&nbsp;&nbsp;&nbsp;__rt_entry
<LI><a href="#[db]">&gt;&gt;</a>&nbsp;&nbsp;&nbsp;__scatterload
</UL>

<P><STRONG><a name="[db]"></a>__scatterload</STRONG> (Thumb, 0 bytes, Stack size unknown bytes, D:\MDK5\ARM\ARMCC\Bin\..\lib\armlib\c_w.l(__scatter.o)(!!!scatter))
<BR><BR>[Called By]<UL><LI><a href="#[d9]">&gt;&gt;</a>&nbsp;&nbsp;&nbsp;__main
</UL>

<P><STRONG><a name="[dd]"></a>__scatterload_rt2</STRONG> (Thumb, 44 bytes, Stack size unknown bytes, D:\MDK5\ARM\ARMCC\Bin\..\lib\armlib\c_w.l(__scatter.o)(!!!scatter), UNUSED)
<BR><BR>[Calls]<UL><LI><a href="#[dc]">&gt;&gt;</a>&nbsp;&nbsp;&nbsp;__rt_entry
</UL>

<P><STRONG><a name="[2f9]"></a>__scatterload_rt2_thumb_only</STRONG> (Thumb, 0 bytes, Stack size unknown bytes, D:\MDK5\ARM\ARMCC\Bin\..\lib\armlib\c_w.l(__scatter.o)(!!!scatter), UNUSED)

<P><STRONG><a name="[2fa]"></a>__scatterload_null</STRONG> (Thumb, 0 bytes, Stack size unknown bytes, D:\MDK5\ARM\ARMCC\Bin\..\lib\armlib\c_w.l(__scatter.o)(!!!scatter), UNUSED)

<P><STRONG><a name="[2fb]"></a>__decompress</STRONG> (Thumb, 90 bytes, Stack size unknown bytes, D:\MDK5\ARM\ARMCC\Bin\..\lib\armlib\c_w.l(__dczerorl2.o)(!!dczerorl2), UNUSED)

<P><STRONG><a name="[2fc]"></a>__decompress1</STRONG> (Thumb, 0 bytes, Stack size unknown bytes, D:\MDK5\ARM\ARMCC\Bin\..\lib\armlib\c_w.l(__dczerorl2.o)(!!dczerorl2), UNUSED)

<P><STRONG><a name="[2fd]"></a>__scatterload_zeroinit</STRONG> (Thumb, 28 bytes, Stack size unknown bytes, D:\MDK5\ARM\ARMCC\Bin\..\lib\armlib\c_w.l(__scatter_zi.o)(!!handler_zi), UNUSED)

<P><STRONG><a name="[de]"></a>_printf_n</STRONG> (Thumb, 0 bytes, Stack size unknown bytes, D:\MDK5\ARM\ARMCC\Bin\..\lib\armlib\c_w.l(_printf_n.o)(.ARM.Collect$$_printf_percent$$00000001))
<BR><BR>[Calls]<UL><LI><a href="#[df]">&gt;&gt;</a>&nbsp;&nbsp;&nbsp;_printf_charcount
</UL>

<P><STRONG><a name="[128]"></a>_printf_percent</STRONG> (Thumb, 0 bytes, Stack size unknown bytes, D:\MDK5\ARM\ARMCC\Bin\..\lib\armlib\c_w.l(_printf_percent.o)(.ARM.Collect$$_printf_percent$$00000000))
<BR><BR>[Called By]<UL><LI><a href="#[126]">&gt;&gt;</a>&nbsp;&nbsp;&nbsp;__printf
</UL>

<P><STRONG><a name="[e0]"></a>_printf_p</STRONG> (Thumb, 0 bytes, Stack size unknown bytes, D:\MDK5\ARM\ARMCC\Bin\..\lib\armlib\c_w.l(_printf_p.o)(.ARM.Collect$$_printf_percent$$00000002))
<BR><BR>[Stack]<UL><LI>Max Depth = 64 + Unknown Stack Size
<LI>Call Chain = _printf_p &rArr; _printf_hex_ptr &rArr; _printf_longlong_hex &rArr; _printf_int_common &rArr; _printf_post_padding
</UL>
<BR>[Calls]<UL><LI><a href="#[e1]">&gt;&gt;</a>&nbsp;&nbsp;&nbsp;_printf_hex_ptr
</UL>

<P><STRONG><a name="[e2]"></a>_printf_f</STRONG> (Thumb, 0 bytes, Stack size unknown bytes, D:\MDK5\ARM\ARMCC\Bin\..\lib\armlib\c_w.l(_printf_f.o)(.ARM.Collect$$_printf_percent$$00000003))
<BR><BR>[Stack]<UL><LI>Max Depth = 320 + Unknown Stack Size
<LI>Call Chain = _printf_f &rArr; _printf_fp_dec &rArr; _printf_fp_dec_real &rArr; _fp_digits &rArr; _btod_etento &rArr; _btod_emul &rArr; _e2e
</UL>
<BR>[Calls]<UL><LI><a href="#[e3]">&gt;&gt;</a>&nbsp;&nbsp;&nbsp;_printf_fp_dec
</UL>

<P><STRONG><a name="[e4]"></a>_printf_e</STRONG> (Thumb, 0 bytes, Stack size unknown bytes, D:\MDK5\ARM\ARMCC\Bin\..\lib\armlib\c_w.l(_printf_e.o)(.ARM.Collect$$_printf_percent$$00000004))
<BR><BR>[Stack]<UL><LI>Max Depth = 320 + Unknown Stack Size
<LI>Call Chain = _printf_e &rArr; _printf_fp_dec &rArr; _printf_fp_dec_real &rArr; _fp_digits &rArr; _btod_etento &rArr; _btod_emul &rArr; _e2e
</UL>
<BR>[Calls]<UL><LI><a href="#[e3]">&gt;&gt;</a>&nbsp;&nbsp;&nbsp;_printf_fp_dec
</UL>

<P><STRONG><a name="[e5]"></a>_printf_g</STRONG> (Thumb, 0 bytes, Stack size unknown bytes, D:\MDK5\ARM\ARMCC\Bin\..\lib\armlib\c_w.l(_printf_g.o)(.ARM.Collect$$_printf_percent$$00000005))
<BR><BR>[Stack]<UL><LI>Max Depth = 320 + Unknown Stack Size
<LI>Call Chain = _printf_g &rArr; _printf_fp_dec &rArr; _printf_fp_dec_real &rArr; _fp_digits &rArr; _btod_etento &rArr; _btod_emul &rArr; _e2e
</UL>
<BR>[Calls]<UL><LI><a href="#[e3]">&gt;&gt;</a>&nbsp;&nbsp;&nbsp;_printf_fp_dec
</UL>

<P><STRONG><a name="[e6]"></a>_printf_a</STRONG> (Thumb, 0 bytes, Stack size unknown bytes, D:\MDK5\ARM\ARMCC\Bin\..\lib\armlib\c_w.l(_printf_a.o)(.ARM.Collect$$_printf_percent$$00000006))
<BR><BR>[Stack]<UL><LI>Max Depth = 112 + Unknown Stack Size
<LI>Call Chain = _printf_a &rArr; _printf_fp_hex &rArr; _printf_fp_hex_real &rArr; _printf_fp_infnan &rArr; _printf_post_padding
</UL>
<BR>[Calls]<UL><LI><a href="#[e7]">&gt;&gt;</a>&nbsp;&nbsp;&nbsp;_printf_fp_hex
</UL>

<P><STRONG><a name="[2fe]"></a>_printf_ll</STRONG> (Thumb, 0 bytes, Stack size unknown bytes, D:\MDK5\ARM\ARMCC\Bin\..\lib\armlib\c_w.l(_printf_ll.o)(.ARM.Collect$$_printf_percent$$00000007))

<P><STRONG><a name="[e8]"></a>_printf_i</STRONG> (Thumb, 0 bytes, Stack size unknown bytes, D:\MDK5\ARM\ARMCC\Bin\..\lib\armlib\c_w.l(_printf_i.o)(.ARM.Collect$$_printf_percent$$00000008))
<BR><BR>[Stack]<UL><LI>Max Depth = 72 + Unknown Stack Size
<LI>Call Chain = _printf_i &rArr; _printf_int_dec &rArr; _printf_int_common &rArr; _printf_post_padding
</UL>
<BR>[Calls]<UL><LI><a href="#[e9]">&gt;&gt;</a>&nbsp;&nbsp;&nbsp;_printf_int_dec
</UL>

<P><STRONG><a name="[ea]"></a>_printf_d</STRONG> (Thumb, 0 bytes, Stack size unknown bytes, D:\MDK5\ARM\ARMCC\Bin\..\lib\armlib\c_w.l(_printf_d.o)(.ARM.Collect$$_printf_percent$$00000009))
<BR><BR>[Stack]<UL><LI>Max Depth = 72 + Unknown Stack Size
<LI>Call Chain = _printf_d &rArr; _printf_int_dec &rArr; _printf_int_common &rArr; _printf_post_padding
</UL>
<BR>[Calls]<UL><LI><a href="#[e9]">&gt;&gt;</a>&nbsp;&nbsp;&nbsp;_printf_int_dec
</UL>

<P><STRONG><a name="[eb]"></a>_printf_u</STRONG> (Thumb, 0 bytes, Stack size unknown bytes, D:\MDK5\ARM\ARMCC\Bin\..\lib\armlib\c_w.l(_printf_u.o)(.ARM.Collect$$_printf_percent$$0000000A))
<BR><BR>[Stack]<UL><LI>Max Depth = 72 + Unknown Stack Size
<LI>Call Chain = _printf_u &rArr; _printf_int_dec &rArr; _printf_int_common &rArr; _printf_post_padding
</UL>
<BR>[Calls]<UL><LI><a href="#[e9]">&gt;&gt;</a>&nbsp;&nbsp;&nbsp;_printf_int_dec
</UL>

<P><STRONG><a name="[ec]"></a>_printf_o</STRONG> (Thumb, 0 bytes, Stack size unknown bytes, D:\MDK5\ARM\ARMCC\Bin\..\lib\armlib\c_w.l(_printf_o.o)(.ARM.Collect$$_printf_percent$$0000000B))
<BR><BR>[Stack]<UL><LI>Max Depth = 64 + Unknown Stack Size
<LI>Call Chain = _printf_o &rArr; _printf_int_oct &rArr; _printf_longlong_oct &rArr; _printf_int_common &rArr; _printf_post_padding
</UL>
<BR>[Calls]<UL><LI><a href="#[ed]">&gt;&gt;</a>&nbsp;&nbsp;&nbsp;_printf_int_oct
</UL>

<P><STRONG><a name="[ee]"></a>_printf_x</STRONG> (Thumb, 0 bytes, Stack size unknown bytes, D:\MDK5\ARM\ARMCC\Bin\..\lib\armlib\c_w.l(_printf_x.o)(.ARM.Collect$$_printf_percent$$0000000C))
<BR><BR>[Stack]<UL><LI>Max Depth = 80 + Unknown Stack Size
<LI>Call Chain = _printf_x &rArr; _printf_int_hex &rArr; _printf_longlong_hex &rArr; _printf_int_common &rArr; _printf_post_padding
</UL>
<BR>[Calls]<UL><LI><a href="#[ef]">&gt;&gt;</a>&nbsp;&nbsp;&nbsp;_printf_int_hex
</UL>

<P><STRONG><a name="[f0]"></a>_printf_lli</STRONG> (Thumb, 0 bytes, Stack size unknown bytes, D:\MDK5\ARM\ARMCC\Bin\..\lib\armlib\c_w.l(_printf_lli.o)(.ARM.Collect$$_printf_percent$$0000000D))
<BR><BR>[Stack]<UL><LI>Max Depth = 72 + Unknown Stack Size
<LI>Call Chain = _printf_lli &rArr; _printf_longlong_dec &rArr; _printf_int_common &rArr; _printf_post_padding
</UL>
<BR>[Calls]<UL><LI><a href="#[f1]">&gt;&gt;</a>&nbsp;&nbsp;&nbsp;_printf_longlong_dec
</UL>

<P><STRONG><a name="[f2]"></a>_printf_lld</STRONG> (Thumb, 0 bytes, Stack size unknown bytes, D:\MDK5\ARM\ARMCC\Bin\..\lib\armlib\c_w.l(_printf_lld.o)(.ARM.Collect$$_printf_percent$$0000000E))
<BR><BR>[Stack]<UL><LI>Max Depth = 72 + Unknown Stack Size
<LI>Call Chain = _printf_lld &rArr; _printf_longlong_dec &rArr; _printf_int_common &rArr; _printf_post_padding
</UL>
<BR>[Calls]<UL><LI><a href="#[f1]">&gt;&gt;</a>&nbsp;&nbsp;&nbsp;_printf_longlong_dec
</UL>

<P><STRONG><a name="[f3]"></a>_printf_llu</STRONG> (Thumb, 0 bytes, Stack size unknown bytes, D:\MDK5\ARM\ARMCC\Bin\..\lib\armlib\c_w.l(_printf_llu.o)(.ARM.Collect$$_printf_percent$$0000000F))
<BR><BR>[Stack]<UL><LI>Max Depth = 72 + Unknown Stack Size
<LI>Call Chain = _printf_llu &rArr; _printf_longlong_dec &rArr; _printf_int_common &rArr; _printf_post_padding
</UL>
<BR>[Calls]<UL><LI><a href="#[f1]">&gt;&gt;</a>&nbsp;&nbsp;&nbsp;_printf_longlong_dec
</UL>

<P><STRONG><a name="[f4]"></a>_printf_llo</STRONG> (Thumb, 0 bytes, Stack size unknown bytes, D:\MDK5\ARM\ARMCC\Bin\..\lib\armlib\c_w.l(_printf_llo.o)(.ARM.Collect$$_printf_percent$$00000010))
<BR><BR>[Stack]<UL><LI>Max Depth = 56 + Unknown Stack Size
<LI>Call Chain = _printf_llo &rArr; _printf_ll_oct &rArr; _printf_longlong_oct &rArr; _printf_int_common &rArr; _printf_post_padding
</UL>
<BR>[Calls]<UL><LI><a href="#[f5]">&gt;&gt;</a>&nbsp;&nbsp;&nbsp;_printf_ll_oct
</UL>

<P><STRONG><a name="[f6]"></a>_printf_llx</STRONG> (Thumb, 0 bytes, Stack size unknown bytes, D:\MDK5\ARM\ARMCC\Bin\..\lib\armlib\c_w.l(_printf_llx.o)(.ARM.Collect$$_printf_percent$$00000011))
<BR><BR>[Stack]<UL><LI>Max Depth = 64 + Unknown Stack Size
<LI>Call Chain = _printf_llx &rArr; _printf_ll_hex &rArr; _printf_longlong_hex &rArr; _printf_int_common &rArr; _printf_post_padding
</UL>
<BR>[Calls]<UL><LI><a href="#[f7]">&gt;&gt;</a>&nbsp;&nbsp;&nbsp;_printf_ll_hex
</UL>

<P><STRONG><a name="[2ff]"></a>_printf_l</STRONG> (Thumb, 0 bytes, Stack size unknown bytes, D:\MDK5\ARM\ARMCC\Bin\..\lib\armlib\c_w.l(_printf_l.o)(.ARM.Collect$$_printf_percent$$00000012))

<P><STRONG><a name="[f8]"></a>_printf_c</STRONG> (Thumb, 0 bytes, Stack size unknown bytes, D:\MDK5\ARM\ARMCC\Bin\..\lib\armlib\c_w.l(_printf_c.o)(.ARM.Collect$$_printf_percent$$00000013))
<BR><BR>[Stack]<UL><LI>Max Depth = 40 + Unknown Stack Size
<LI>Call Chain = _printf_c &rArr; _printf_char &rArr; _printf_cs_common &rArr; _printf_str &rArr; _printf_post_padding
</UL>
<BR>[Calls]<UL><LI><a href="#[f9]">&gt;&gt;</a>&nbsp;&nbsp;&nbsp;_printf_char
</UL>

<P><STRONG><a name="[fa]"></a>_printf_s</STRONG> (Thumb, 0 bytes, Stack size unknown bytes, D:\MDK5\ARM\ARMCC\Bin\..\lib\armlib\c_w.l(_printf_s.o)(.ARM.Collect$$_printf_percent$$00000014))
<BR><BR>[Stack]<UL><LI>Max Depth = 40 + Unknown Stack Size
<LI>Call Chain = _printf_s &rArr; _printf_string &rArr; _printf_cs_common &rArr; _printf_str &rArr; _printf_post_padding
</UL>
<BR>[Calls]<UL><LI><a href="#[fb]">&gt;&gt;</a>&nbsp;&nbsp;&nbsp;_printf_string
</UL>

<P><STRONG><a name="[fc]"></a>_printf_lc</STRONG> (Thumb, 0 bytes, Stack size unknown bytes, D:\MDK5\ARM\ARMCC\Bin\..\lib\armlib\c_w.l(_printf_lc.o)(.ARM.Collect$$_printf_percent$$00000015))
<BR><BR>[Stack]<UL><LI>Max Depth = 88 + Unknown Stack Size
<LI>Call Chain = _printf_lc &rArr; _printf_wchar &rArr; _printf_lcs_common &rArr; _printf_wctomb &rArr; _wcrtomb &rArr; __rt_ctype_table
</UL>
<BR>[Calls]<UL><LI><a href="#[fd]">&gt;&gt;</a>&nbsp;&nbsp;&nbsp;_printf_wchar
</UL>

<P><STRONG><a name="[fe]"></a>_printf_ls</STRONG> (Thumb, 0 bytes, Stack size unknown bytes, D:\MDK5\ARM\ARMCC\Bin\..\lib\armlib\c_w.l(_printf_ls.o)(.ARM.Collect$$_printf_percent$$00000016))
<BR><BR>[Stack]<UL><LI>Max Depth = 88 + Unknown Stack Size
<LI>Call Chain = _printf_ls &rArr; _printf_wstring &rArr; _printf_lcs_common &rArr; _printf_wctomb &rArr; _wcrtomb &rArr; __rt_ctype_table
</UL>
<BR>[Calls]<UL><LI><a href="#[ff]">&gt;&gt;</a>&nbsp;&nbsp;&nbsp;_printf_wstring
</UL>

<P><STRONG><a name="[300]"></a>_printf_percent_end</STRONG> (Thumb, 0 bytes, Stack size unknown bytes, D:\MDK5\ARM\ARMCC\Bin\..\lib\armlib\c_w.l(_printf_percent_end.o)(.ARM.Collect$$_printf_percent$$00000017))

<P><STRONG><a name="[111]"></a>__rt_lib_init</STRONG> (Thumb, 0 bytes, Stack size unknown bytes, D:\MDK5\ARM\ARMCC\Bin\..\lib\armlib\c_w.l(libinit.o)(.ARM.Collect$$libinit$$00000000))
<BR><BR>[Called By]<UL><LI><a href="#[110]">&gt;&gt;</a>&nbsp;&nbsp;&nbsp;__rt_entry_li
</UL>

<P><STRONG><a name="[100]"></a>__rt_lib_init_fp_1</STRONG> (Thumb, 0 bytes, Stack size unknown bytes, D:\MDK5\ARM\ARMCC\Bin\..\lib\armlib\c_w.l(libinit2.o)(.ARM.Collect$$libinit$$00000001))
<BR><BR>[Calls]<UL><LI><a href="#[101]">&gt;&gt;</a>&nbsp;&nbsp;&nbsp;_fp_init
</UL>

<P><STRONG><a name="[102]"></a>__rt_lib_init_heap_2</STRONG> (Thumb, 0 bytes, Stack size unknown bytes, D:\MDK5\ARM\ARMCC\Bin\..\lib\armlib\c_w.l(libinit2.o)(.ARM.Collect$$libinit$$00000005))
<BR><BR>[Stack]<UL><LI>Max Depth = 64 + Unknown Stack Size
<LI>Call Chain = __rt_lib_init_heap_2 &rArr; _init_alloc &rArr; __rt_SIGRTMEM &rArr; __rt_SIGRTMEM_inner &rArr; __default_signal_display &rArr; _ttywrch
</UL>
<BR>[Calls]<UL><LI><a href="#[103]">&gt;&gt;</a>&nbsp;&nbsp;&nbsp;_init_alloc
</UL>

<P><STRONG><a name="[301]"></a>__rt_lib_init_preinit_1</STRONG> (Thumb, 0 bytes, Stack size unknown bytes, D:\MDK5\ARM\ARMCC\Bin\..\lib\armlib\c_w.l(libinit2.o)(.ARM.Collect$$libinit$$00000004))

<P><STRONG><a name="[302]"></a>__rt_lib_init_heap_1</STRONG> (Thumb, 0 bytes, Stack size unknown bytes, D:\MDK5\ARM\ARMCC\Bin\..\lib\armlib\c_w.l(libinit2.o)(.ARM.Collect$$libinit$$0000000A))

<P><STRONG><a name="[104]"></a>__rt_lib_init_lc_common</STRONG> (Thumb, 0 bytes, Stack size unknown bytes, D:\MDK5\ARM\ARMCC\Bin\..\lib\armlib\c_w.l(libinit2.o)(.ARM.Collect$$libinit$$0000000F))
<BR><BR>[Calls]<UL><LI><a href="#[105]">&gt;&gt;</a>&nbsp;&nbsp;&nbsp;__rt_locale
</UL>

<P><STRONG><a name="[303]"></a>__rt_lib_init_rand_1</STRONG> (Thumb, 0 bytes, Stack size unknown bytes, D:\MDK5\ARM\ARMCC\Bin\..\lib\armlib\c_w.l(libinit2.o)(.ARM.Collect$$libinit$$0000000E))

<P><STRONG><a name="[304]"></a>__rt_lib_init_user_alloc_1</STRONG> (Thumb, 0 bytes, Stack size unknown bytes, D:\MDK5\ARM\ARMCC\Bin\..\lib\armlib\c_w.l(libinit2.o)(.ARM.Collect$$libinit$$0000000C))

<P><STRONG><a name="[305]"></a>__rt_lib_init_lc_collate_1</STRONG> (Thumb, 0 bytes, Stack size unknown bytes, D:\MDK5\ARM\ARMCC\Bin\..\lib\armlib\c_w.l(libinit2.o)(.ARM.Collect$$libinit$$00000011))

<P><STRONG><a name="[106]"></a>__rt_lib_init_lc_ctype_2</STRONG> (Thumb, 0 bytes, Stack size unknown bytes, D:\MDK5\ARM\ARMCC\Bin\..\lib\armlib\c_w.l(libinit2.o)(.ARM.Collect$$libinit$$00000012))
<BR><BR>[Stack]<UL><LI>Max Depth = 8 + Unknown Stack Size
<LI>Call Chain = __rt_lib_init_lc_ctype_2 &rArr; _get_lc_ctype
</UL>
<BR>[Calls]<UL><LI><a href="#[7b]">&gt;&gt;</a>&nbsp;&nbsp;&nbsp;_get_lc_ctype
</UL>

<P><STRONG><a name="[306]"></a>__rt_lib_init_lc_ctype_1</STRONG> (Thumb, 0 bytes, Stack size unknown bytes, D:\MDK5\ARM\ARMCC\Bin\..\lib\armlib\c_w.l(libinit2.o)(.ARM.Collect$$libinit$$00000013))

<P><STRONG><a name="[307]"></a>__rt_lib_init_lc_monetary_1</STRONG> (Thumb, 0 bytes, Stack size unknown bytes, D:\MDK5\ARM\ARMCC\Bin\..\lib\armlib\c_w.l(libinit2.o)(.ARM.Collect$$libinit$$00000015))

<P><STRONG><a name="[107]"></a>__rt_lib_init_lc_numeric_2</STRONG> (Thumb, 0 bytes, Stack size unknown bytes, D:\MDK5\ARM\ARMCC\Bin\..\lib\armlib\c_w.l(libinit2.o)(.ARM.Collect$$libinit$$00000016))
<BR><BR>[Stack]<UL><LI>Max Depth = 8 + Unknown Stack Size
<LI>Call Chain = __rt_lib_init_lc_numeric_2 &rArr; _get_lc_numeric
</UL>
<BR>[Calls]<UL><LI><a href="#[108]">&gt;&gt;</a>&nbsp;&nbsp;&nbsp;_get_lc_numeric
</UL>

<P><STRONG><a name="[308]"></a>__rt_lib_init_atexit_1</STRONG> (Thumb, 0 bytes, Stack size unknown bytes, D:\MDK5\ARM\ARMCC\Bin\..\lib\armlib\c_w.l(libinit2.o)(.ARM.Collect$$libinit$$0000001B))

<P><STRONG><a name="[309]"></a>__rt_lib_init_clock_1</STRONG> (Thumb, 0 bytes, Stack size unknown bytes, D:\MDK5\ARM\ARMCC\Bin\..\lib\armlib\c_w.l(libinit2.o)(.ARM.Collect$$libinit$$00000021))

<P><STRONG><a name="[30a]"></a>__rt_lib_init_fp_trap_1</STRONG> (Thumb, 0 bytes, Stack size unknown bytes, D:\MDK5\ARM\ARMCC\Bin\..\lib\armlib\c_w.l(libinit2.o)(.ARM.Collect$$libinit$$0000001F))

<P><STRONG><a name="[30b]"></a>__rt_lib_init_getenv_1</STRONG> (Thumb, 0 bytes, Stack size unknown bytes, D:\MDK5\ARM\ARMCC\Bin\..\lib\armlib\c_w.l(libinit2.o)(.ARM.Collect$$libinit$$00000023))

<P><STRONG><a name="[30c]"></a>__rt_lib_init_lc_numeric_1</STRONG> (Thumb, 0 bytes, Stack size unknown bytes, D:\MDK5\ARM\ARMCC\Bin\..\lib\armlib\c_w.l(libinit2.o)(.ARM.Collect$$libinit$$00000017))

<P><STRONG><a name="[30d]"></a>__rt_lib_init_lc_time_1</STRONG> (Thumb, 0 bytes, Stack size unknown bytes, D:\MDK5\ARM\ARMCC\Bin\..\lib\armlib\c_w.l(libinit2.o)(.ARM.Collect$$libinit$$00000019))

<P><STRONG><a name="[30e]"></a>__rt_lib_init_signal_1</STRONG> (Thumb, 0 bytes, Stack size unknown bytes, D:\MDK5\ARM\ARMCC\Bin\..\lib\armlib\c_w.l(libinit2.o)(.ARM.Collect$$libinit$$0000001D))

<P><STRONG><a name="[109]"></a>__rt_lib_init_stdio_2</STRONG> (Thumb, 0 bytes, Stack size unknown bytes, D:\MDK5\ARM\ARMCC\Bin\..\lib\armlib\c_w.l(libinit2.o)(.ARM.Collect$$libinit$$00000024))
<BR><BR>[Stack]<UL><LI>Max Depth = 552 + Unknown Stack Size
<LI>Call Chain = __rt_lib_init_stdio_2 &rArr; _initio &rArr; freopen &rArr; _fclose_internal &rArr; _fflush &rArr; _writebuf &rArr; _sys_write &rArr; init_serial() &rArr; serial_init &rArr; pinmap_pinout &rArr;  error (Cycle)
</UL>
<BR>[Calls]<UL><LI><a href="#[10a]">&gt;&gt;</a>&nbsp;&nbsp;&nbsp;_initio
</UL>

<P><STRONG><a name="[30f]"></a>__rt_lib_init_alloca_1</STRONG> (Thumb, 0 bytes, Stack size unknown bytes, D:\MDK5\ARM\ARMCC\Bin\..\lib\armlib\c_w.l(libinit2.o)(.ARM.Collect$$libinit$$0000002E))

<P><STRONG><a name="[310]"></a>__rt_lib_init_argv_1</STRONG> (Thumb, 0 bytes, Stack size unknown bytes, D:\MDK5\ARM\ARMCC\Bin\..\lib\armlib\c_w.l(libinit2.o)(.ARM.Collect$$libinit$$0000002C))

<P><STRONG><a name="[10b]"></a>__rt_lib_init_cpp_2</STRONG> (Thumb, 0 bytes, Stack size unknown bytes, D:\MDK5\ARM\ARMCC\Bin\..\lib\armlib\c_w.l(libinit2.o)(.ARM.Collect$$libinit$$00000031))
<BR><BR>[Stack]<UL><LI>Max Depth = 16 + Unknown Stack Size
<LI>Call Chain = __rt_lib_init_cpp_2 &rArr; __cpp_initialize__aeabi_
</UL>
<BR>[Calls]<UL><LI><a href="#[da]">&gt;&gt;</a>&nbsp;&nbsp;&nbsp;__cpp_initialize__aeabi_
</UL>

<P><STRONG><a name="[311]"></a>__rt_lib_init_exceptions_1</STRONG> (Thumb, 0 bytes, Stack size unknown bytes, D:\MDK5\ARM\ARMCC\Bin\..\lib\armlib\c_w.l(libinit2.o)(.ARM.Collect$$libinit$$00000030))

<P><STRONG><a name="[312]"></a>__rt_lib_init_stdio_1</STRONG> (Thumb, 0 bytes, Stack size unknown bytes, D:\MDK5\ARM\ARMCC\Bin\..\lib\armlib\c_w.l(libinit2.o)(.ARM.Collect$$libinit$$00000025))

<P><STRONG><a name="[313]"></a>__rt_lib_init_cpp_1</STRONG> (Thumb, 0 bytes, Stack size unknown bytes, D:\MDK5\ARM\ARMCC\Bin\..\lib\armlib\c_w.l(libinit2.o)(.ARM.Collect$$libinit$$00000032))

<P><STRONG><a name="[314]"></a>__rt_lib_init_return</STRONG> (Thumb, 0 bytes, Stack size unknown bytes, D:\MDK5\ARM\ARMCC\Bin\..\lib\armlib\c_w.l(libinit2.o)(.ARM.Collect$$libinit$$00000033))

<P><STRONG><a name="[dc]"></a>__rt_entry</STRONG> (Thumb, 0 bytes, Stack size unknown bytes, D:\MDK5\ARM\ARMCC\Bin\..\lib\armlib\c_w.l(__rtentry.o)(.ARM.Collect$$rtentry$$00000000))
<BR><BR>[Called By]<UL><LI><a href="#[d9]">&gt;&gt;</a>&nbsp;&nbsp;&nbsp;__main
<LI><a href="#[dd]">&gt;&gt;</a>&nbsp;&nbsp;&nbsp;__scatterload_rt2
</UL>

<P><STRONG><a name="[315]"></a>__rt_entry_presh_1</STRONG> (Thumb, 0 bytes, Stack size unknown bytes, D:\MDK5\ARM\ARMCC\Bin\..\lib\armlib\c_w.l(__rtentry2.o)(.ARM.Collect$$rtentry$$00000002))

<P><STRONG><a name="[10c]"></a>__rt_entry_sh</STRONG> (Thumb, 0 bytes, Stack size unknown bytes, D:\MDK5\ARM\ARMCC\Bin\..\lib\armlib\c_w.l(__rtentry4.o)(.ARM.Collect$$rtentry$$00000004))
<BR><BR>[Stack]<UL><LI>Max Depth = 80 + Unknown Stack Size
<LI>Call Chain = __rt_entry_sh &rArr; __user_setup_stackheap &rArr; _mbed_user_setup_stackheap
</UL>
<BR>[Calls]<UL><LI><a href="#[10d]">&gt;&gt;</a>&nbsp;&nbsp;&nbsp;__user_setup_stackheap
</UL>

<P><STRONG><a name="[316]"></a>__rt_lib_shutdown_stdio_2</STRONG> (Thumb, 0 bytes, Stack size unknown bytes, D:\MDK5\ARM\ARMCC\Bin\..\lib\armlib\c_w.l(libshutdown2.o)(.ARM.Collect$$libshutdown$$00000003))

<P><STRONG><a name="[10e]"></a>__rt_entry_postsh_1</STRONG> (Thumb, 0 bytes, Stack size unknown bytes, D:\MDK5\ARM\ARMCC\Bin\..\lib\armlib\c_w.l(__rtentry2.o)(.ARM.Collect$$rtentry$$00000008))
<BR><BR>[Stack]<UL><LI>Max Depth = 280 + Unknown Stack Size
<LI>Call Chain = __rt_entry_postsh_1 &rArr; _platform_post_stackheap_init &rArr; mbed_sdk_init &rArr; SetSysClock &rArr; SetSysClock_PLL_HSE &rArr; HAL_RCC_ClockConfig &rArr; HAL_InitTick &rArr; HAL_TIM_OC_Start &rArr; TIM_CCxChannelCmd
</UL>
<BR>[Calls]<UL><LI><a href="#[10f]">&gt;&gt;</a>&nbsp;&nbsp;&nbsp;_platform_post_stackheap_init
</UL>

<P><STRONG><a name="[110]"></a>__rt_entry_li</STRONG> (Thumb, 0 bytes, Stack size unknown bytes, D:\MDK5\ARM\ARMCC\Bin\..\lib\armlib\c_w.l(__rtentry2.o)(.ARM.Collect$$rtentry$$0000000A))
<BR><BR>[Calls]<UL><LI><a href="#[111]">&gt;&gt;</a>&nbsp;&nbsp;&nbsp;__rt_lib_init
</UL>

<P><STRONG><a name="[112]"></a>__rt_entry_main</STRONG> (Thumb, 0 bytes, Stack size unknown bytes, D:\MDK5\ARM\ARMCC\Bin\..\lib\armlib\c_w.l(__rtentry2.o)(.ARM.Collect$$rtentry$$0000000D))
<BR><BR>[Stack]<UL><LI>Max Depth = 1288 + Unknown Stack Size
<LI>Call Chain = __rt_entry_main &rArr; main &rArr; $Super$$main &rArr; Init_All_HW(GPIOStruct*) &rArr; Init_PWM(GPIOStruct*) &rArr; FastPWM::FastPWM(PinName, int) &rArr; pwmout_init &rArr; pwmout_period_us &rArr; pwmout_write &rArr; error &rArr; exit &rArr; fflush &rArr; _do_fflush &rArr; _fflush &rArr; _writebuf &rArr; _sys_write &rArr; init_serial() &rArr; serial_init &rArr; pinmap_pinout &rArr;  error (Cycle)
</UL>
<BR>[Calls]<UL><LI><a href="#[114]">&gt;&gt;</a>&nbsp;&nbsp;&nbsp;exit
<LI><a href="#[113]">&gt;&gt;</a>&nbsp;&nbsp;&nbsp;main
</UL>

<P><STRONG><a name="[317]"></a>__rt_entry_postli_1</STRONG> (Thumb, 0 bytes, Stack size unknown bytes, D:\MDK5\ARM\ARMCC\Bin\..\lib\armlib\c_w.l(__rtentry2.o)(.ARM.Collect$$rtentry$$0000000C))

<P><STRONG><a name="[13]"></a>Reset_Handler</STRONG> (Thumb, 8 bytes, Stack size 0 bytes, .\build\startup_stm32f446xx.o(.text))
<BR>[Address Reference Count : 1]<UL><LI> startup_stm32f446xx.o(RESET)
</UL>
<P><STRONG><a name="[318]"></a>_maybe_terminate_alloc</STRONG> (Thumb, 0 bytes, Stack size 0 bytes, D:\MDK5\ARM\ARMCC\Bin\..\lib\armlib\c_w.l(maybetermalloc1.o)(.emb_text), UNUSED)

<P><STRONG><a name="[14]"></a>NMI_Handler</STRONG> (Thumb, 2 bytes, Stack size 0 bytes, .\build\startup_stm32f446xx.o(.text))
<BR><BR>[Calls]<UL><LI><a href="#[14]">&gt;&gt;</a>&nbsp;&nbsp;&nbsp;NMI_Handler
</UL>
<BR>[Called By]<UL><LI><a href="#[14]">&gt;&gt;</a>&nbsp;&nbsp;&nbsp;NMI_Handler
</UL>
<BR>[Address Reference Count : 1]<UL><LI> startup_stm32f446xx.o(RESET)
</UL>
<P><STRONG><a name="[15]"></a>HardFault_Handler</STRONG> (Thumb, 2 bytes, Stack size 0 bytes, .\build\startup_stm32f446xx.o(.text))
<BR><BR>[Calls]<UL><LI><a href="#[15]">&gt;&gt;</a>&nbsp;&nbsp;&nbsp;HardFault_Handler
</UL>
<BR>[Called By]<UL><LI><a href="#[15]">&gt;&gt;</a>&nbsp;&nbsp;&nbsp;HardFault_Handler
</UL>
<BR>[Address Reference Count : 1]<UL><LI> startup_stm32f446xx.o(RESET)
</UL>
<P><STRONG><a name="[16]"></a>MemManage_Handler</STRONG> (Thumb, 2 bytes, Stack size 0 bytes, .\build\startup_stm32f446xx.o(.text))
<BR><BR>[Calls]<UL><LI><a href="#[16]">&gt;&gt;</a>&nbsp;&nbsp;&nbsp;MemManage_Handler
</UL>
<BR>[Called By]<UL><LI><a href="#[16]">&gt;&gt;</a>&nbsp;&nbsp;&nbsp;MemManage_Handler
</UL>
<BR>[Address Reference Count : 1]<UL><LI> startup_stm32f446xx.o(RESET)
</UL>
<P><STRONG><a name="[17]"></a>BusFault_Handler</STRONG> (Thumb, 2 bytes, Stack size 0 bytes, .\build\startup_stm32f446xx.o(.text))
<BR><BR>[Calls]<UL><LI><a href="#[17]">&gt;&gt;</a>&nbsp;&nbsp;&nbsp;BusFault_Handler
</UL>
<BR>[Called By]<UL><LI><a href="#[17]">&gt;&gt;</a>&nbsp;&nbsp;&nbsp;BusFault_Handler
</UL>
<BR>[Address Reference Count : 1]<UL><LI> startup_stm32f446xx.o(RESET)
</UL>
<P><STRONG><a name="[18]"></a>UsageFault_Handler</STRONG> (Thumb, 2 bytes, Stack size 0 bytes, .\build\startup_stm32f446xx.o(.text))
<BR><BR>[Calls]<UL><LI><a href="#[18]">&gt;&gt;</a>&nbsp;&nbsp;&nbsp;UsageFault_Handler
</UL>
<BR>[Called By]<UL><LI><a href="#[18]">&gt;&gt;</a>&nbsp;&nbsp;&nbsp;UsageFault_Handler
</UL>
<BR>[Address Reference Count : 1]<UL><LI> startup_stm32f446xx.o(RESET)
</UL>
<P><STRONG><a name="[19]"></a>SVC_Handler</STRONG> (Thumb, 2 bytes, Stack size 0 bytes, .\build\startup_stm32f446xx.o(.text))
<BR><BR>[Calls]<UL><LI><a href="#[19]">&gt;&gt;</a>&nbsp;&nbsp;&nbsp;SVC_Handler
</UL>
<BR>[Called By]<UL><LI><a href="#[19]">&gt;&gt;</a>&nbsp;&nbsp;&nbsp;SVC_Handler
</UL>
<BR>[Address Reference Count : 1]<UL><LI> startup_stm32f446xx.o(RESET)
</UL>
<P><STRONG><a name="[1a]"></a>DebugMon_Handler</STRONG> (Thumb, 2 bytes, Stack size 0 bytes, .\build\startup_stm32f446xx.o(.text))
<BR><BR>[Calls]<UL><LI><a href="#[1a]">&gt;&gt;</a>&nbsp;&nbsp;&nbsp;DebugMon_Handler
</UL>
<BR>[Called By]<UL><LI><a href="#[1a]">&gt;&gt;</a>&nbsp;&nbsp;&nbsp;DebugMon_Handler
</UL>
<BR>[Address Reference Count : 1]<UL><LI> startup_stm32f446xx.o(RESET)
</UL>
<P><STRONG><a name="[1b]"></a>PendSV_Handler</STRONG> (Thumb, 2 bytes, Stack size 0 bytes, .\build\startup_stm32f446xx.o(.text))
<BR><BR>[Calls]<UL><LI><a href="#[1b]">&gt;&gt;</a>&nbsp;&nbsp;&nbsp;PendSV_Handler
</UL>
<BR>[Called By]<UL><LI><a href="#[1b]">&gt;&gt;</a>&nbsp;&nbsp;&nbsp;PendSV_Handler
</UL>
<BR>[Address Reference Count : 1]<UL><LI> startup_stm32f446xx.o(RESET)
</UL>
<P><STRONG><a name="[1c]"></a>SysTick_Handler</STRONG> (Thumb, 2 bytes, Stack size 0 bytes, .\build\startup_stm32f446xx.o(.text))
<BR><BR>[Calls]<UL><LI><a href="#[1c]">&gt;&gt;</a>&nbsp;&nbsp;&nbsp;SysTick_Handler
</UL>
<BR>[Called By]<UL><LI><a href="#[1c]">&gt;&gt;</a>&nbsp;&nbsp;&nbsp;SysTick_Handler
</UL>
<BR>[Address Reference Count : 1]<UL><LI> startup_stm32f446xx.o(RESET)
</UL>
<P><STRONG><a name="[2f]"></a>ADC_IRQHandler</STRONG> (Thumb, 0 bytes, Stack size 0 bytes, .\build\startup_stm32f446xx.o(.text))
<BR><BR>[Calls]<UL><LI><a href="#[2f]">&gt;&gt;</a>&nbsp;&nbsp;&nbsp;ADC_IRQHandler
</UL>
<BR>[Called By]<UL><LI><a href="#[2f]">&gt;&gt;</a>&nbsp;&nbsp;&nbsp;ADC_IRQHandler
</UL>
<BR>[Address Reference Count : 1]<UL><LI> startup_stm32f446xx.o(RESET)
</UL>
<P><STRONG><a name="[32]"></a>CAN1_RX1_IRQHandler</STRONG> (Thumb, 0 bytes, Stack size 0 bytes, .\build\startup_stm32f446xx.o(.text))
<BR>[Address Reference Count : 1]<UL><LI> startup_stm32f446xx.o(RESET)
</UL>
<P><STRONG><a name="[5c]"></a>CAN2_RX1_IRQHandler</STRONG> (Thumb, 0 bytes, Stack size 0 bytes, .\build\startup_stm32f446xx.o(.text))
<BR>[Address Reference Count : 1]<UL><LI> startup_stm32f446xx.o(RESET)
</UL>
<P><STRONG><a name="[6f]"></a>CEC_IRQHandler</STRONG> (Thumb, 0 bytes, Stack size 0 bytes, .\build\startup_stm32f446xx.o(.text))
<BR>[Address Reference Count : 1]<UL><LI> startup_stm32f446xx.o(RESET)
</UL>
<P><STRONG><a name="[69]"></a>DCMI_IRQHandler</STRONG> (Thumb, 0 bytes, Stack size 0 bytes, .\build\startup_stm32f446xx.o(.text))
<BR>[Address Reference Count : 1]<UL><LI> startup_stm32f446xx.o(RESET)
</UL>
<P><STRONG><a name="[28]"></a>DMA1_Stream0_IRQHandler</STRONG> (Thumb, 0 bytes, Stack size 0 bytes, .\build\startup_stm32f446xx.o(.text))
<BR>[Address Reference Count : 1]<UL><LI> startup_stm32f446xx.o(RESET)
</UL>
<P><STRONG><a name="[29]"></a>DMA1_Stream1_IRQHandler</STRONG> (Thumb, 0 bytes, Stack size 0 bytes, .\build\startup_stm32f446xx.o(.text))
<BR>[Address Reference Count : 1]<UL><LI> startup_stm32f446xx.o(RESET)
</UL>
<P><STRONG><a name="[2a]"></a>DMA1_Stream2_IRQHandler</STRONG> (Thumb, 0 bytes, Stack size 0 bytes, .\build\startup_stm32f446xx.o(.text))
<BR>[Address Reference Count : 1]<UL><LI> startup_stm32f446xx.o(RESET)
</UL>
<P><STRONG><a name="[2b]"></a>DMA1_Stream3_IRQHandler</STRONG> (Thumb, 0 bytes, Stack size 0 bytes, .\build\startup_stm32f446xx.o(.text))
<BR>[Address Reference Count : 1]<UL><LI> startup_stm32f446xx.o(RESET)
</UL>
<P><STRONG><a name="[2c]"></a>DMA1_Stream4_IRQHandler</STRONG> (Thumb, 0 bytes, Stack size 0 bytes, .\build\startup_stm32f446xx.o(.text))
<BR>[Address Reference Count : 1]<UL><LI> startup_stm32f446xx.o(RESET)
</UL>
<P><STRONG><a name="[2d]"></a>DMA1_Stream5_IRQHandler</STRONG> (Thumb, 0 bytes, Stack size 0 bytes, .\build\startup_stm32f446xx.o(.text))
<BR>[Address Reference Count : 1]<UL><LI> startup_stm32f446xx.o(RESET)
</UL>
<P><STRONG><a name="[2e]"></a>DMA1_Stream6_IRQHandler</STRONG> (Thumb, 0 bytes, Stack size 0 bytes, .\build\startup_stm32f446xx.o(.text))
<BR>[Address Reference Count : 1]<UL><LI> startup_stm32f446xx.o(RESET)
</UL>
<P><STRONG><a name="[4c]"></a>DMA1_Stream7_IRQHandler</STRONG> (Thumb, 0 bytes, Stack size 0 bytes, .\build\startup_stm32f446xx.o(.text))
<BR>[Address Reference Count : 1]<UL><LI> startup_stm32f446xx.o(RESET)
</UL>
<P><STRONG><a name="[55]"></a>DMA2_Stream0_IRQHandler</STRONG> (Thumb, 0 bytes, Stack size 0 bytes, .\build\startup_stm32f446xx.o(.text))
<BR>[Address Reference Count : 1]<UL><LI> startup_stm32f446xx.o(RESET)
</UL>
<P><STRONG><a name="[56]"></a>DMA2_Stream1_IRQHandler</STRONG> (Thumb, 0 bytes, Stack size 0 bytes, .\build\startup_stm32f446xx.o(.text))
<BR>[Address Reference Count : 1]<UL><LI> startup_stm32f446xx.o(RESET)
</UL>
<P><STRONG><a name="[57]"></a>DMA2_Stream2_IRQHandler</STRONG> (Thumb, 0 bytes, Stack size 0 bytes, .\build\startup_stm32f446xx.o(.text))
<BR>[Address Reference Count : 1]<UL><LI> startup_stm32f446xx.o(RESET)
</UL>
<P><STRONG><a name="[58]"></a>DMA2_Stream3_IRQHandler</STRONG> (Thumb, 0 bytes, Stack size 0 bytes, .\build\startup_stm32f446xx.o(.text))
<BR>[Address Reference Count : 1]<UL><LI> startup_stm32f446xx.o(RESET)
</UL>
<P><STRONG><a name="[59]"></a>DMA2_Stream4_IRQHandler</STRONG> (Thumb, 0 bytes, Stack size 0 bytes, .\build\startup_stm32f446xx.o(.text))
<BR>[Address Reference Count : 1]<UL><LI> startup_stm32f446xx.o(RESET)
</UL>
<P><STRONG><a name="[5f]"></a>DMA2_Stream5_IRQHandler</STRONG> (Thumb, 0 bytes, Stack size 0 bytes, .\build\startup_stm32f446xx.o(.text))
<BR>[Address Reference Count : 1]<UL><LI> startup_stm32f446xx.o(RESET)
</UL>
<P><STRONG><a name="[60]"></a>DMA2_Stream6_IRQHandler</STRONG> (Thumb, 0 bytes, Stack size 0 bytes, .\build\startup_stm32f446xx.o(.text))
<BR>[Address Reference Count : 1]<UL><LI> startup_stm32f446xx.o(RESET)
</UL>
<P><STRONG><a name="[61]"></a>DMA2_Stream7_IRQHandler</STRONG> (Thumb, 0 bytes, Stack size 0 bytes, .\build\startup_stm32f446xx.o(.text))
<BR>[Address Reference Count : 1]<UL><LI> startup_stm32f446xx.o(RESET)
</UL>
<P><STRONG><a name="[23]"></a>EXTI0_IRQHandler</STRONG> (Thumb, 0 bytes, Stack size 0 bytes, .\build\startup_stm32f446xx.o(.text))
<BR>[Address Reference Count : 1]<UL><LI> startup_stm32f446xx.o(RESET)
</UL>
<P><STRONG><a name="[45]"></a>EXTI15_10_IRQHandler</STRONG> (Thumb, 0 bytes, Stack size 0 bytes, .\build\startup_stm32f446xx.o(.text))
<BR>[Address Reference Count : 1]<UL><LI> startup_stm32f446xx.o(RESET)
</UL>
<P><STRONG><a name="[24]"></a>EXTI1_IRQHandler</STRONG> (Thumb, 0 bytes, Stack size 0 bytes, .\build\startup_stm32f446xx.o(.text))
<BR>[Address Reference Count : 1]<UL><LI> startup_stm32f446xx.o(RESET)
</UL>
<P><STRONG><a name="[25]"></a>EXTI2_IRQHandler</STRONG> (Thumb, 0 bytes, Stack size 0 bytes, .\build\startup_stm32f446xx.o(.text))
<BR>[Address Reference Count : 1]<UL><LI> startup_stm32f446xx.o(RESET)
</UL>
<P><STRONG><a name="[26]"></a>EXTI3_IRQHandler</STRONG> (Thumb, 0 bytes, Stack size 0 bytes, .\build\startup_stm32f446xx.o(.text))
<BR>[Address Reference Count : 1]<UL><LI> startup_stm32f446xx.o(RESET)
</UL>
<P><STRONG><a name="[27]"></a>EXTI4_IRQHandler</STRONG> (Thumb, 0 bytes, Stack size 0 bytes, .\build\startup_stm32f446xx.o(.text))
<BR>[Address Reference Count : 1]<UL><LI> startup_stm32f446xx.o(RESET)
</UL>
<P><STRONG><a name="[34]"></a>EXTI9_5_IRQHandler</STRONG> (Thumb, 0 bytes, Stack size 0 bytes, .\build\startup_stm32f446xx.o(.text))
<BR>[Address Reference Count : 1]<UL><LI> startup_stm32f446xx.o(RESET)
</UL>
<P><STRONG><a name="[21]"></a>FLASH_IRQHandler</STRONG> (Thumb, 0 bytes, Stack size 0 bytes, .\build\startup_stm32f446xx.o(.text))
<BR>[Address Reference Count : 1]<UL><LI> startup_stm32f446xx.o(RESET)
</UL>
<P><STRONG><a name="[4d]"></a>FMC_IRQHandler</STRONG> (Thumb, 0 bytes, Stack size 0 bytes, .\build\startup_stm32f446xx.o(.text))
<BR>[Address Reference Count : 1]<UL><LI> startup_stm32f446xx.o(RESET)
</UL>
<P><STRONG><a name="[6a]"></a>FPU_IRQHandler</STRONG> (Thumb, 0 bytes, Stack size 0 bytes, .\build\startup_stm32f446xx.o(.text))
<BR>[Address Reference Count : 1]<UL><LI> startup_stm32f446xx.o(RESET)
</UL>
<P><STRONG><a name="[3d]"></a>I2C1_ER_IRQHandler</STRONG> (Thumb, 0 bytes, Stack size 0 bytes, .\build\startup_stm32f446xx.o(.text))
<BR>[Address Reference Count : 1]<UL><LI> startup_stm32f446xx.o(RESET)
</UL>
<P><STRONG><a name="[3c]"></a>I2C1_EV_IRQHandler</STRONG> (Thumb, 0 bytes, Stack size 0 bytes, .\build\startup_stm32f446xx.o(.text))
<BR>[Address Reference Count : 1]<UL><LI> startup_stm32f446xx.o(RESET)
</UL>
<P><STRONG><a name="[3f]"></a>I2C2_ER_IRQHandler</STRONG> (Thumb, 0 bytes, Stack size 0 bytes, .\build\startup_stm32f446xx.o(.text))
<BR>[Address Reference Count : 1]<UL><LI> startup_stm32f446xx.o(RESET)
</UL>
<P><STRONG><a name="[3e]"></a>I2C2_EV_IRQHandler</STRONG> (Thumb, 0 bytes, Stack size 0 bytes, .\build\startup_stm32f446xx.o(.text))
<BR>[Address Reference Count : 1]<UL><LI> startup_stm32f446xx.o(RESET)
</UL>
<P><STRONG><a name="[64]"></a>I2C3_ER_IRQHandler</STRONG> (Thumb, 0 bytes, Stack size 0 bytes, .\build\startup_stm32f446xx.o(.text))
<BR>[Address Reference Count : 1]<UL><LI> startup_stm32f446xx.o(RESET)
</UL>
<P><STRONG><a name="[63]"></a>I2C3_EV_IRQHandler</STRONG> (Thumb, 0 bytes, Stack size 0 bytes, .\build\startup_stm32f446xx.o(.text))
<BR>[Address Reference Count : 1]<UL><LI> startup_stm32f446xx.o(RESET)
</UL>
<P><STRONG><a name="[72]"></a>I2C4_Error_IRQHandler</STRONG> (Thumb, 0 bytes, Stack size 0 bytes, .\build\startup_stm32f446xx.o(.text))
<BR>[Address Reference Count : 1]<UL><LI> startup_stm32f446xx.o(RESET)
</UL>
<P><STRONG><a name="[71]"></a>I2C4_Event_IRQHandler</STRONG> (Thumb, 0 bytes, Stack size 0 bytes, .\build\startup_stm32f446xx.o(.text))
<BR>[Address Reference Count : 1]<UL><LI> startup_stm32f446xx.o(RESET)
</UL>
<P><STRONG><a name="[5e]"></a>OTG_FS_IRQHandler</STRONG> (Thumb, 0 bytes, Stack size 0 bytes, .\build\startup_stm32f446xx.o(.text))
<BR>[Address Reference Count : 1]<UL><LI> startup_stm32f446xx.o(RESET)
</UL>
<P><STRONG><a name="[47]"></a>OTG_FS_WKUP_IRQHandler</STRONG> (Thumb, 0 bytes, Stack size 0 bytes, .\build\startup_stm32f446xx.o(.text))
<BR>[Address Reference Count : 1]<UL><LI> startup_stm32f446xx.o(RESET)
</UL>
<P><STRONG><a name="[66]"></a>OTG_HS_EP1_IN_IRQHandler</STRONG> (Thumb, 0 bytes, Stack size 0 bytes, .\build\startup_stm32f446xx.o(.text))
<BR>[Address Reference Count : 1]<UL><LI> startup_stm32f446xx.o(RESET)
</UL>
<P><STRONG><a name="[65]"></a>OTG_HS_EP1_OUT_IRQHandler</STRONG> (Thumb, 0 bytes, Stack size 0 bytes, .\build\startup_stm32f446xx.o(.text))
<BR>[Address Reference Count : 1]<UL><LI> startup_stm32f446xx.o(RESET)
</UL>
<P><STRONG><a name="[68]"></a>OTG_HS_IRQHandler</STRONG> (Thumb, 0 bytes, Stack size 0 bytes, .\build\startup_stm32f446xx.o(.text))
<BR>[Address Reference Count : 1]<UL><LI> startup_stm32f446xx.o(RESET)
</UL>
<P><STRONG><a name="[67]"></a>OTG_HS_WKUP_IRQHandler</STRONG> (Thumb, 0 bytes, Stack size 0 bytes, .\build\startup_stm32f446xx.o(.text))
<BR>[Address Reference Count : 1]<UL><LI> startup_stm32f446xx.o(RESET)
</UL>
<P><STRONG><a name="[1e]"></a>PVD_IRQHandler</STRONG> (Thumb, 0 bytes, Stack size 0 bytes, .\build\startup_stm32f446xx.o(.text))
<BR>[Address Reference Count : 1]<UL><LI> startup_stm32f446xx.o(RESET)
</UL>
<P><STRONG><a name="[6e]"></a>QuadSPI_IRQHandler</STRONG> (Thumb, 0 bytes, Stack size 0 bytes, .\build\startup_stm32f446xx.o(.text))
<BR>[Address Reference Count : 1]<UL><LI> startup_stm32f446xx.o(RESET)
</UL>
<P><STRONG><a name="[22]"></a>RCC_IRQHandler</STRONG> (Thumb, 0 bytes, Stack size 0 bytes, .\build\startup_stm32f446xx.o(.text))
<BR>[Address Reference Count : 1]<UL><LI> startup_stm32f446xx.o(RESET)
</UL>
<P><STRONG><a name="[46]"></a>RTC_Alarm_IRQHandler</STRONG> (Thumb, 0 bytes, Stack size 0 bytes, .\build\startup_stm32f446xx.o(.text))
<BR>[Address Reference Count : 1]<UL><LI> startup_stm32f446xx.o(RESET)
</UL>
<P><STRONG><a name="[20]"></a>RTC_WKUP_IRQHandler</STRONG> (Thumb, 0 bytes, Stack size 0 bytes, .\build\startup_stm32f446xx.o(.text))
<BR>[Address Reference Count : 1]<UL><LI> startup_stm32f446xx.o(RESET)
</UL>
<P><STRONG><a name="[6c]"></a>SAI1_IRQHandler</STRONG> (Thumb, 0 bytes, Stack size 0 bytes, .\build\startup_stm32f446xx.o(.text))
<BR>[Address Reference Count : 1]<UL><LI> startup_stm32f446xx.o(RESET)
</UL>
<P><STRONG><a name="[6d]"></a>SAI2_IRQHandler</STRONG> (Thumb, 0 bytes, Stack size 0 bytes, .\build\startup_stm32f446xx.o(.text))
<BR>[Address Reference Count : 1]<UL><LI> startup_stm32f446xx.o(RESET)
</UL>
<P><STRONG><a name="[4e]"></a>SDIO_IRQHandler</STRONG> (Thumb, 0 bytes, Stack size 0 bytes, .\build\startup_stm32f446xx.o(.text))
<BR>[Address Reference Count : 1]<UL><LI> startup_stm32f446xx.o(RESET)
</UL>
<P><STRONG><a name="[70]"></a>SPDIF_RX_IRQHandler</STRONG> (Thumb, 0 bytes, Stack size 0 bytes, .\build\startup_stm32f446xx.o(.text))
<BR>[Address Reference Count : 1]<UL><LI> startup_stm32f446xx.o(RESET)
</UL>
<P><STRONG><a name="[40]"></a>SPI1_IRQHandler</STRONG> (Thumb, 0 bytes, Stack size 0 bytes, .\build\startup_stm32f446xx.o(.text))
<BR>[Address Reference Count : 1]<UL><LI> startup_stm32f446xx.o(RESET)
</UL>
<P><STRONG><a name="[41]"></a>SPI2_IRQHandler</STRONG> (Thumb, 0 bytes, Stack size 0 bytes, .\build\startup_stm32f446xx.o(.text))
<BR>[Address Reference Count : 1]<UL><LI> startup_stm32f446xx.o(RESET)
</UL>
<P><STRONG><a name="[50]"></a>SPI3_IRQHandler</STRONG> (Thumb, 0 bytes, Stack size 0 bytes, .\build\startup_stm32f446xx.o(.text))
<BR>[Address Reference Count : 1]<UL><LI> startup_stm32f446xx.o(RESET)
</UL>
<P><STRONG><a name="[6b]"></a>SPI4_IRQHandler</STRONG> (Thumb, 0 bytes, Stack size 0 bytes, .\build\startup_stm32f446xx.o(.text))
<BR>[Address Reference Count : 1]<UL><LI> startup_stm32f446xx.o(RESET)
</UL>
<P><STRONG><a name="[1f]"></a>TAMP_STAMP_IRQHandler</STRONG> (Thumb, 0 bytes, Stack size 0 bytes, .\build\startup_stm32f446xx.o(.text))
<BR>[Address Reference Count : 1]<UL><LI> startup_stm32f446xx.o(RESET)
</UL>
<P><STRONG><a name="[35]"></a>TIM1_BRK_TIM9_IRQHandler</STRONG> (Thumb, 0 bytes, Stack size 0 bytes, .\build\startup_stm32f446xx.o(.text))
<BR>[Address Reference Count : 1]<UL><LI> startup_stm32f446xx.o(RESET)
</UL>
<P><STRONG><a name="[38]"></a>TIM1_CC_IRQHandler</STRONG> (Thumb, 0 bytes, Stack size 0 bytes, .\build\startup_stm32f446xx.o(.text))
<BR>[Address Reference Count : 1]<UL><LI> startup_stm32f446xx.o(RESET)
</UL>
<P><STRONG><a name="[37]"></a>TIM1_TRG_COM_TIM11_IRQHandler</STRONG> (Thumb, 0 bytes, Stack size 0 bytes, .\build\startup_stm32f446xx.o(.text))
<BR>[Address Reference Count : 1]<UL><LI> startup_stm32f446xx.o(RESET)
</UL>
<P><STRONG><a name="[39]"></a>TIM2_IRQHandler</STRONG> (Thumb, 0 bytes, Stack size 0 bytes, .\build\startup_stm32f446xx.o(.text))
<BR>[Address Reference Count : 1]<UL><LI> startup_stm32f446xx.o(RESET)
</UL>
<P><STRONG><a name="[3a]"></a>TIM3_IRQHandler</STRONG> (Thumb, 0 bytes, Stack size 0 bytes, .\build\startup_stm32f446xx.o(.text))
<BR>[Address Reference Count : 1]<UL><LI> startup_stm32f446xx.o(RESET)
</UL>
<P><STRONG><a name="[3b]"></a>TIM4_IRQHandler</STRONG> (Thumb, 0 bytes, Stack size 0 bytes, .\build\startup_stm32f446xx.o(.text))
<BR>[Address Reference Count : 1]<UL><LI> startup_stm32f446xx.o(RESET)
</UL>
<P><STRONG><a name="[4f]"></a>TIM5_IRQHandler</STRONG> (Thumb, 0 bytes, Stack size 0 bytes, .\build\startup_stm32f446xx.o(.text))
<BR>[Address Reference Count : 1]<UL><LI> startup_stm32f446xx.o(RESET)
</UL>
<P><STRONG><a name="[53]"></a>TIM6_DAC_IRQHandler</STRONG> (Thumb, 0 bytes, Stack size 0 bytes, .\build\startup_stm32f446xx.o(.text))
<BR>[Address Reference Count : 1]<UL><LI> startup_stm32f446xx.o(RESET)
</UL>
<P><STRONG><a name="[54]"></a>TIM7_IRQHandler</STRONG> (Thumb, 0 bytes, Stack size 0 bytes, .\build\startup_stm32f446xx.o(.text))
<BR>[Address Reference Count : 1]<UL><LI> startup_stm32f446xx.o(RESET)
</UL>
<P><STRONG><a name="[48]"></a>TIM8_BRK_TIM12_IRQHandler</STRONG> (Thumb, 0 bytes, Stack size 0 bytes, .\build\startup_stm32f446xx.o(.text))
<BR>[Address Reference Count : 1]<UL><LI> startup_stm32f446xx.o(RESET)
</UL>
[...]
</UL>
<BR>[Called By]<UL><LI><a href="#[9c]">&gt;&gt;</a>&nbsp;&nbsp;&nbsp;uart6_irq
<LI><a href="#[9b]">&gt;&gt;</a>&nbsp;&nbsp;&nbsp;uart5_irq
<LI><a href="#[9a]">&gt;&gt;</a>&nbsp;&nbsp;&nbsp;uart4_irq
<LI><a href="#[99]">&gt;&gt;</a>&nbsp;&nbsp;&nbsp;uart3_irq
<LI><a href="#[98]">&gt;&gt;</a>&nbsp;&nbsp;&nbsp;uart2_irq
<LI><a href="#[97]">&gt;&gt;</a>&nbsp;&nbsp;&nbsp;uart1_irq
</UL>

<P><STRONG><a name="[8b]"></a>&lang;Func4&rang;</STRONG> (Thumb, 14 bytes, Stack size 8 bytes, .\build\serialbase.o(i.<Func4>))
<BR><BR>[Stack]<UL><LI>Max Depth = 16<LI>Call Chain = &lang;Func4&rang; &rArr; mbed::Callback&lang;void()&rang;::Callback(void(*)())
</UL>
<BR>[Calls]<UL><LI><a href="#[184]">&gt;&gt;</a>&nbsp;&nbsp;&nbsp;mbed::Callback&lang;void()&rang;::Callback(void(*)())
</UL>
<BR>[Address Reference Count : 1]<UL><LI> serialbase.o(i._ZN4mbed10SerialBaseC1E7PinNameS1_i)
</UL>
<P><STRONG><a name="[d8]"></a>__sti___7_SPI_cpp_ab1f1164</STRONG> (Thumb, 44 bytes, Stack size 16 bytes, .\build\spi.o(i.__sti___7_SPI_cpp_ab1f1164))
<BR><BR>[Stack]<UL><LI>Max Depth = 40<LI>Call Chain = __sti___7_SPI_cpp_ab1f1164 &rArr; __aeabi_vec_ctor_nocookie_nodtor
</UL>
<BR>[Calls]<UL><LI><a href="#[230]">&gt;&gt;</a>&nbsp;&nbsp;&nbsp;__aeabi_vec_ctor_nocookie_nodtor
<LI><a href="#[293]">&gt;&gt;</a>&nbsp;&nbsp;&nbsp;__aeabi_atexit
</UL>
<BR>[Address Reference Count : 1]<UL><LI> spi.o(.init_array)
</UL>
<P><STRONG><a name="[80]"></a>SPI_2linesRxISR_16BIT</STRONG> (Thumb, 68 bytes, Stack size 8 bytes, .\build\stm32f4xx_hal_spi.o(i.SPI_2linesRxISR_16BIT))
<BR><BR>[Stack]<UL><LI>Max Depth = 80<LI>Call Chain = SPI_2linesRxISR_16BIT &rArr; SPI_CloseRxTx_ISR &rArr; SPI_CheckFlag_BSY &rArr; SPI_WaitFlagStateUntilTimeout
</UL>
<BR>[Calls]<UL><LI><a href="#[1bb]">&gt;&gt;</a>&nbsp;&nbsp;&nbsp;SPI_CloseRxTx_ISR
</UL>
<BR>[Address Reference Count : 1]<UL><LI> stm32f4xx_hal_spi.o(i.HAL_SPI_TransmitReceive_IT)
</UL>
<P><STRONG><a name="[87]"></a>SPI_2linesRxISR_16BITCRC</STRONG> (Thumb, 40 bytes, Stack size 16 bytes, .\build\stm32f4xx_hal_spi.o(i.SPI_2linesRxISR_16BITCRC))
<BR><BR>[Stack]<UL><LI>Max Depth = 88<LI>Call Chain = SPI_2linesRxISR_16BITCRC &rArr; SPI_CloseRxTx_ISR &rArr; SPI_CheckFlag_BSY &rArr; SPI_WaitFlagStateUntilTimeout
</UL>
<BR>[Calls]<UL><LI><a href="#[1bb]">&gt;&gt;</a>&nbsp;&nbsp;&nbsp;SPI_CloseRxTx_ISR
</UL>
<BR>[Address Reference Count : 1]<UL><LI> stm32f4xx_hal_spi.o(i.SPI_2linesRxISR_16BIT)
</UL>
<P><STRONG><a name="[82]"></a>SPI_2linesRxISR_8BIT</STRONG> (Thumb, 66 bytes, Stack size 8 bytes, .\build\stm32f4xx_hal_spi.o(i.SPI_2linesRxISR_8BIT))
<BR><BR>[Stack]<UL><LI>Max Depth = 80<LI>Call Chain = SPI_2linesRxISR_8BIT &rArr; SPI_CloseRxTx_ISR &rArr; SPI_CheckFlag_BSY &rArr; SPI_WaitFlagStateUntilTimeout
</UL>
<BR>[Calls]<UL><LI><a href="#[1bb]">&gt;&gt;</a>&nbsp;&nbsp;&nbsp;SPI_CloseRxTx_ISR
</UL>
<BR>[Address Reference Count : 1]<UL><LI> stm32f4xx_hal_spi.o(i.HAL_SPI_TransmitReceive_IT)
</UL>
<P><STRONG><a name="[88]"></a>SPI_2linesRxISR_8BITCRC</STRONG> (Thumb, 42 bytes, Stack size 16 bytes, .\build\stm32f4xx_hal_spi.o(i.SPI_2linesRxISR_8BITCRC))
<BR><BR>[Stack]<UL><LI>Max Depth = 88<LI>Call Chain = SPI_2linesRxISR_8BITCRC &rArr; SPI_CloseRxTx_ISR &rArr; SPI_CheckFlag_BSY &rArr; SPI_WaitFlagStateUntilTimeout
</UL>
<BR>[Calls]<UL><LI><a href="#[1bb]">&gt;&gt;</a>&nbsp;&nbsp;&nbsp;SPI_CloseRxTx_ISR
</UL>
<BR>[Address Reference Count : 1]<UL><LI> stm32f4xx_hal_spi.o(i.SPI_2linesRxISR_8BIT)
</UL>
<P><STRONG><a name="[81]"></a>SPI_2linesTxISR_16BIT</STRONG> (Thumb, 88 bytes, Stack size 8 bytes, .\build\stm32f4xx_hal_spi.o(i.SPI_2linesTxISR_16BIT))
<BR><BR>[Stack]<UL><LI>Max Depth = 80<LI>Call Chain = SPI_2linesTxISR_16BIT &rArr; SPI_CloseRxTx_ISR &rArr; SPI_CheckFlag_BSY &rArr; SPI_WaitFlagStateUntilTimeout
</UL>
<BR>[Calls]<UL><LI><a href="#[1bb]">&gt;&gt;</a>&nbsp;&nbsp;&nbsp;SPI_CloseRxTx_ISR
</UL>
<BR>[Address Reference Count : 1]<UL><LI> stm32f4xx_hal_spi.o(i.HAL_SPI_TransmitReceive_IT)
</UL>
<P><STRONG><a name="[83]"></a>SPI_2linesTxISR_8BIT</STRONG> (Thumb, 86 bytes, Stack size 8 bytes, .\build\stm32f4xx_hal_spi.o(i.SPI_2linesTxISR_8BIT))
<BR><BR>[Stack]<UL><LI>Max Depth = 80<LI>Call Chain = SPI_2linesTxISR_8BIT &rArr; SPI_CloseRxTx_ISR &rArr; SPI_CheckFlag_BSY &rArr; SPI_WaitFlagStateUntilTimeout
</UL>
<BR>[Calls]<UL><LI><a href="#[1bb]">&gt;&gt;</a>&nbsp;&nbsp;&nbsp;SPI_CloseRxTx_ISR
</UL>
<BR>[Address Reference Count : 1]<UL><LI> stm32f4xx_hal_spi.o(i.HAL_SPI_TransmitReceive_IT)
</UL>
<P><STRONG><a name="[1a4]"></a>SPI_CheckFlag_BSY</STRONG> (Thumb, 40 bytes, Stack size 24 bytes, .\build\stm32f4xx_hal_spi.o(i.SPI_CheckFlag_BSY))
<BR><BR>[Stack]<UL><LI>Max Depth = 48<LI>Call Chain = SPI_CheckFlag_BSY &rArr; SPI_WaitFlagStateUntilTimeout
</UL>
<BR>[Calls]<UL><LI><a href="#[1bc]">&gt;&gt;</a>&nbsp;&nbsp;&nbsp;SPI_WaitFlagStateUntilTimeout
</UL>
<BR>[Called By]<UL><LI><a href="#[1a2]">&gt;&gt;</a>&nbsp;&nbsp;&nbsp;HAL_SPI_Transmit
<LI><a href="#[1c0]">&gt;&gt;</a>&nbsp;&nbsp;&nbsp;SPI_CloseTx_ISR
<LI><a href="#[1bb]">&gt;&gt;</a>&nbsp;&nbsp;&nbsp;SPI_CloseRxTx_ISR
</UL>

<P><STRONG><a name="[1bb]"></a>SPI_CloseRxTx_ISR</STRONG> (Thumb, 222 bytes, Stack size 24 bytes, .\build\stm32f4xx_hal_spi.o(i.SPI_CloseRxTx_ISR))
<BR><BR>[Stack]<UL><LI>Max Depth = 72<LI>Call Chain = SPI_CloseRxTx_ISR &rArr; SPI_CheckFlag_BSY &rArr; SPI_WaitFlagStateUntilTimeout
</UL>
<BR>[Calls]<UL><LI><a href="#[18c]">&gt;&gt;</a>&nbsp;&nbsp;&nbsp;HAL_GetTick
<LI><a href="#[1be]">&gt;&gt;</a>&nbsp;&nbsp;&nbsp;HAL_SPI_TxRxCpltCallback
<LI><a href="#[1bd]">&gt;&gt;</a>&nbsp;&nbsp;&nbsp;HAL_SPI_RxCpltCallback
<LI><a href="#[19d]">&gt;&gt;</a>&nbsp;&nbsp;&nbsp;HAL_SPI_ErrorCallback
<LI><a href="#[1a4]">&gt;&gt;</a>&nbsp;&nbsp;&nbsp;SPI_CheckFlag_BSY
</UL>
<BR>[Called By]<UL><LI><a href="#[83]">&gt;&gt;</a>&nbsp;&nbsp;&nbsp;SPI_2linesTxISR_8BIT
<LI><a href="#[81]">&gt;&gt;</a>&nbsp;&nbsp;&nbsp;SPI_2linesTxISR_16BIT
<LI><a href="#[88]">&gt;&gt;</a>&nbsp;&nbsp;&nbsp;SPI_2linesRxISR_8BITCRC
<LI><a href="#[82]">&gt;&gt;</a>&nbsp;&nbsp;&nbsp;SPI_2linesRxISR_8BIT
<LI><a href="#[87]">&gt;&gt;</a>&nbsp;&nbsp;&nbsp;SPI_2linesRxISR_16BITCRC
<LI><a href="#[80]">&gt;&gt;</a>&nbsp;&nbsp;&nbsp;SPI_2linesRxISR_16BIT
</UL>

<P><STRONG><a name="[1bf]"></a>SPI_CloseRx_ISR</STRONG> (Thumb, 138 bytes, Stack size 16 bytes, .\build\stm32f4xx_hal_spi.o(i.SPI_CloseRx_ISR))
<BR><BR>[Stack]<UL><LI>Max Depth = 16<LI>Call Chain = SPI_CloseRx_ISR
</UL>
<BR>[Calls]<UL><LI><a href="#[1bd]">&gt;&gt;</a>&nbsp;&nbsp;&nbsp;HAL_SPI_RxCpltCallback
<LI><a href="#[19d]">&gt;&gt;</a>&nbsp;&nbsp;&nbsp;HAL_SPI_ErrorCallback
</UL>
<BR>[Called By]<UL><LI><a href="#[8a]">&gt;&gt;</a>&nbsp;&nbsp;&nbsp;SPI_RxISR_8BITCRC
<LI><a href="#[7f]">&gt;&gt;</a>&nbsp;&nbsp;&nbsp;SPI_RxISR_8BIT
<LI><a href="#[89]">&gt;&gt;</a>&nbsp;&nbsp;&nbsp;SPI_RxISR_16BITCRC
<LI><a href="#[7e]">&gt;&gt;</a>&nbsp;&nbsp;&nbsp;SPI_RxISR_16BIT
</UL>

<P><STRONG><a name="[1c0]"></a>SPI_CloseTx_ISR</STRONG> (Thumb, 154 bytes, Stack size 24 bytes, .\build\stm32f4xx_hal_spi.o(i.SPI_CloseTx_ISR))
<BR><BR>[Stack]<UL><LI>Max Depth = 72<LI>Call Chain = SPI_CloseTx_ISR &rArr; SPI_CheckFlag_BSY &rArr; SPI_WaitFlagStateUntilTimeout
</UL>
<BR>[Calls]<UL><LI><a href="#[18c]">&gt;&gt;</a>&nbsp;&nbsp;&nbsp;HAL_GetTick
<LI><a href="#[1c1]">&gt;&gt;</a>&nbsp;&nbsp;&nbsp;HAL_SPI_TxCpltCallback
<LI><a href="#[19d]">&gt;&gt;</a>&nbsp;&nbsp;&nbsp;HAL_SPI_ErrorCallback
<LI><a href="#[1a4]">&gt;&gt;</a>&nbsp;&nbsp;&nbsp;SPI_CheckFlag_BSY
</UL>
<BR>[Called By]<UL><LI><a href="#[85]">&gt;&gt;</a>&nbsp;&nbsp;&nbsp;SPI_TxISR_8BIT
<LI><a href="#[84]">&gt;&gt;</a>&nbsp;&nbsp;&nbsp;SPI_TxISR_16BIT
</UL>

<P><STRONG><a name="[7d]"></a>SPI_DMAAbortOnError</STRONG> (Thumb, 20 bytes, Stack size 16 bytes, .\build\stm32f4xx_hal_spi.o(i.SPI_DMAAbortOnError))
<BR><BR>[Stack]<UL><LI>Max Depth = 16<LI>Call Chain = SPI_DMAAbortOnError
</UL>
<BR>[Calls]<UL><LI><a href="#[19d]">&gt;&gt;</a>&nbsp;&nbsp;&nbsp;HAL_SPI_ErrorCallback
</UL>
<BR>[Address Reference Count : 1]<UL><LI> stm32f4xx_hal_spi.o(i.HAL_SPI_IRQHandler)
</UL>
<P><STRONG><a name="[7e]"></a>SPI_RxISR_16BIT</STRONG> (Thumb, 78 bytes, Stack size 8 bytes, .\build\stm32f4xx_hal_spi.o(i.SPI_RxISR_16BIT))
<BR><BR>[Stack]<UL><LI>Max Depth = 24<LI>Call Chain = SPI_RxISR_16BIT &rArr; SPI_CloseRx_ISR
</UL>
<BR>[Calls]<UL><LI><a href="#[1bf]">&gt;&gt;</a>&nbsp;&nbsp;&nbsp;SPI_CloseRx_ISR
</UL>
<BR>[Address Reference Count : 1]<UL><LI> stm32f4xx_hal_spi.o(i.HAL_SPI_Receive_IT)
</UL>
<P><STRONG><a name="[89]"></a>SPI_RxISR_16BITCRC</STRONG> (Thumb, 40 bytes, Stack size 16 bytes, .\build\stm32f4xx_hal_spi.o(i.SPI_RxISR_16BITCRC))
<BR><BR>[Stack]<UL><LI>Max Depth = 32<LI>Call Chain = SPI_RxISR_16BITCRC &rArr; SPI_CloseRx_ISR
</UL>
<BR>[Calls]<UL><LI><a href="#[1bf]">&gt;&gt;</a>&nbsp;&nbsp;&nbsp;SPI_CloseRx_ISR
</UL>
<BR>[Address Reference Count : 1]<UL><LI> stm32f4xx_hal_spi.o(i.SPI_RxISR_16BIT)
</UL>
<P><STRONG><a name="[7f]"></a>SPI_RxISR_8BIT</STRONG> (Thumb, 76 bytes, Stack size 8 bytes, .\build\stm32f4xx_hal_spi.o(i.SPI_RxISR_8BIT))
<BR><BR>[Stack]<UL><LI>Max Depth = 24<LI>Call Chain = SPI_RxISR_8BIT &rArr; SPI_CloseRx_ISR
</UL>
<BR>[Calls]<UL><LI><a href="#[1bf]">&gt;&gt;</a>&nbsp;&nbsp;&nbsp;SPI_CloseRx_ISR
</UL>
<BR>[Address Reference Count : 1]<UL><LI> stm32f4xx_hal_spi.o(i.HAL_SPI_Receive_IT)
</UL>
<P><STRONG><a name="[8a]"></a>SPI_RxISR_8BITCRC</STRONG> (Thumb, 26 bytes, Stack size 16 bytes, .\build\stm32f4xx_hal_spi.o(i.SPI_RxISR_8BITCRC))
<BR><BR>[Stack]<UL><LI>Max Depth = 32<LI>Call Chain = SPI_RxISR_8BITCRC &rArr; SPI_CloseRx_ISR
</UL>
<BR>[Calls]<UL><LI><a href="#[1bf]">&gt;&gt;</a>&nbsp;&nbsp;&nbsp;SPI_CloseRx_ISR
</UL>
<BR>[Address Reference Count : 1]<UL><LI> stm32f4xx_hal_spi.o(i.SPI_RxISR_8BIT)
</UL>
<P><STRONG><a name="[84]"></a>SPI_TxISR_16BIT</STRONG> (Thumb, 68 bytes, Stack size 8 bytes, .\build\stm32f4xx_hal_spi.o(i.SPI_TxISR_16BIT))
<BR><BR>[Stack]<UL><LI>Max Depth = 80<LI>Call Chain = SPI_TxISR_16BIT &rArr; SPI_CloseTx_ISR &rArr; SPI_CheckFlag_BSY &rArr; SPI_WaitFlagStateUntilTimeout
</UL>
<BR>[Calls]<UL><LI><a href="#[1c0]">&gt;&gt;</a>&nbsp;&nbsp;&nbsp;SPI_CloseTx_ISR
</UL>
<BR>[Address Reference Count : 1]<UL><LI> stm32f4xx_hal_spi.o(i.HAL_SPI_Transmit_IT)
</UL>
<P><STRONG><a name="[85]"></a>SPI_TxISR_8BIT</STRONG> (Thumb, 66 bytes, Stack size 8 bytes, .\build\stm32f4xx_hal_spi.o(i.SPI_TxISR_8BIT))
<BR><BR>[Stack]<UL><LI>Max Depth = 80<LI>Call Chain = SPI_TxISR_8BIT &rArr; SPI_CloseTx_ISR &rArr; SPI_CheckFlag_BSY &rArr; SPI_WaitFlagStateUntilTimeout
</UL>
<BR>[Calls]<UL><LI><a href="#[1c0]">&gt;&gt;</a>&nbsp;&nbsp;&nbsp;SPI_CloseTx_ISR
</UL>
<BR>[Address Reference Count : 1]<UL><LI> stm32f4xx_hal_spi.o(i.HAL_SPI_Transmit_IT)
</UL>
<P><STRONG><a name="[1bc]"></a>SPI_WaitFlagStateUntilTimeout</STRONG> (Thumb, 160 bytes, Stack size 24 bytes, .\build\stm32f4xx_hal_spi.o(i.SPI_WaitFlagStateUntilTimeout))
<BR><BR>[Stack]<UL><LI>Max Depth = 24<LI>Call Chain = SPI_WaitFlagStateUntilTimeout
</UL>
<BR>[Calls]<UL><LI><a href="#[18c]">&gt;&gt;</a>&nbsp;&nbsp;&nbsp;HAL_GetTick
</UL>
<BR>[Called By]<UL><LI><a href="#[1a4]">&gt;&gt;</a>&nbsp;&nbsp;&nbsp;SPI_CheckFlag_BSY
</UL>

<P><STRONG><a name="[1a3]"></a>SPI_WaitTXEFlagStateUntilTimeout</STRONG> (Thumb, 150 bytes, Stack size 16 bytes, .\build\stm32f4xx_hal_spi.o(i.SPI_WaitTXEFlagStateUntilTimeout))
<BR><BR>[Stack]<UL><LI>Max Depth = 16<LI>Call Chain = SPI_WaitTXEFlagStateUntilTimeout
</UL>
<BR>[Calls]<UL><LI><a href="#[18c]">&gt;&gt;</a>&nbsp;&nbsp;&nbsp;HAL_GetTick
</UL>
<BR>[Called By]<UL><LI><a href="#[1a2]">&gt;&gt;</a>&nbsp;&nbsp;&nbsp;HAL_SPI_Transmit
</UL>

<P><STRONG><a name="[1ab]"></a>TIM_OC1_SetConfig</STRONG> (Thumb, 102 bytes, Stack size 12 bytes, .\build\stm32f4xx_hal_tim.o(i.TIM_OC1_SetConfig))
<BR><BR>[Stack]<UL><LI>Max Depth = 12<LI>Call Chain = TIM_OC1_SetConfig
</UL>
<BR>[Called By]<UL><LI><a href="#[1aa]">&gt;&gt;</a>&nbsp;&nbsp;&nbsp;HAL_TIM_PWM_ConfigChannel
</UL>

<P><STRONG><a name="[1ad]"></a>TIM_OC3_SetConfig</STRONG> (Thumb, 110 bytes, Stack size 12 bytes, .\build\stm32f4xx_hal_tim.o(i.TIM_OC3_SetConfig))
<BR><BR>[Stack]<UL><LI>Max Depth = 12<LI>Call Chain = TIM_OC3_SetConfig
</UL>
<BR>[Called By]<UL><LI><a href="#[1aa]">&gt;&gt;</a>&nbsp;&nbsp;&nbsp;HAL_TIM_PWM_ConfigChannel
</UL>

<P><STRONG><a name="[1ae]"></a>TIM_OC4_SetConfig</STRONG> (Thumb, 88 bytes, Stack size 12 bytes, .\build\stm32f4xx_hal_tim.o(i.TIM_OC4_SetConfig))
<BR><BR>[Stack]<UL><LI>Max Depth = 12<LI>Call Chain = TIM_OC4_SetConfig
</UL>
<BR>[Called By]<UL><LI><a href="#[1aa]">&gt;&gt;</a>&nbsp;&nbsp;&nbsp;HAL_TIM_PWM_ConfigChannel
</UL>

<P><STRONG><a name="[1a6]"></a>TIM_CCxNChannelCmd</STRONG> (Thumb, 28 bytes, Stack size 12 bytes, .\build\stm32f4xx_hal_tim_ex.o(i.TIM_CCxNChannelCmd))
<BR><BR>[Stack]<UL><LI>Max Depth = 12<LI>Call Chain = TIM_CCxNChannelCmd
</UL>
<BR>[Called By]<UL><LI><a href="#[1a5]">&gt;&gt;</a>&nbsp;&nbsp;&nbsp;HAL_TIMEx_PWMN_Start
</UL>

<P><STRONG><a name="[86]"></a>UART_DMAAbortOnError</STRONG> (Thumb, 20 bytes, Stack size 16 bytes, .\build\stm32f4xx_hal_uart.o(i.UART_DMAAbortOnError))
<BR><BR>[Stack]<UL><LI>Max Depth = 24<LI>Call Chain = UART_DMAAbortOnError &rArr; HAL_UART_ErrorCallback
</UL>
<BR>[Calls]<UL><LI><a href="#[1b5]">&gt;&gt;</a>&nbsp;&nbsp;&nbsp;HAL_UART_ErrorCallback
</UL>
<BR>[Address Reference Count : 1]<UL><LI> stm32f4xx_hal_uart.o(i.HAL_UART_IRQHandler)
</UL>
<P><STRONG><a name="[1b4]"></a>UART_EndRxTransfer</STRONG> (Thumb, 32 bytes, Stack size 0 bytes, .\build\stm32f4xx_hal_uart.o(i.UART_EndRxTransfer))
<BR><BR>[Called By]<UL><LI><a href="#[1b2]">&gt;&gt;</a>&nbsp;&nbsp;&nbsp;HAL_UART_IRQHandler
</UL>

<P><STRONG><a name="[1b7]"></a>UART_EndTransmit_IT</STRONG> (Thumb, 32 bytes, Stack size 8 bytes, .\build\stm32f4xx_hal_uart.o(i.UART_EndTransmit_IT))
<BR><BR>[Stack]<UL><LI>Max Depth = 8<LI>Call Chain = UART_EndTransmit_IT
</UL>
<BR>[Calls]<UL><LI><a href="#[1cd]">&gt;&gt;</a>&nbsp;&nbsp;&nbsp;HAL_UART_TxCpltCallback
</UL>
<BR>[Called By]<UL><LI><a href="#[1b2]">&gt;&gt;</a>&nbsp;&nbsp;&nbsp;HAL_UART_IRQHandler
</UL>

<P><STRONG><a name="[1b3]"></a>UART_Receive_IT</STRONG> (Thumb, 154 bytes, Stack size 16 bytes, .\build\stm32f4xx_hal_uart.o(i.UART_Receive_IT))
<BR><BR>[Stack]<UL><LI>Max Depth = 16<LI>Call Chain = UART_Receive_IT
</UL>
<BR>[Calls]<UL><LI><a href="#[1ce]">&gt;&gt;</a>&nbsp;&nbsp;&nbsp;HAL_UART_RxCpltCallback
</UL>
<BR>[Called By]<UL><LI><a href="#[1b2]">&gt;&gt;</a>&nbsp;&nbsp;&nbsp;HAL_UART_IRQHandler
</UL>

<P><STRONG><a name="[1ba]"></a>UART_SetConfig</STRONG> (Thumb, 864 bytes, Stack size 24 bytes, .\build\stm32f4xx_hal_uart.o(i.UART_SetConfig))
<BR><BR>[Stack]<UL><LI>Max Depth = 28<LI>Call Chain = UART_SetConfig &rArr; HAL_RCC_GetPCLK1Freq
</UL>
<BR>[Calls]<UL><LI><a href="#[191]">&gt;&gt;</a>&nbsp;&nbsp;&nbsp;HAL_RCC_GetPCLK1Freq
<LI><a href="#[199]">&gt;&gt;</a>&nbsp;&nbsp;&nbsp;HAL_RCC_GetPCLK2Freq
</UL>
<BR>[Called By]<UL><LI><a href="#[1b8]">&gt;&gt;</a>&nbsp;&nbsp;&nbsp;HAL_UART_Init
</UL>

<P><STRONG><a name="[1b6]"></a>UART_Transmit_IT</STRONG> (Thumb, 104 bytes, Stack size 0 bytes, .\build\stm32f4xx_hal_uart.o(i.UART_Transmit_IT))
<BR><BR>[Called By]<UL><LI><a href="#[1b2]">&gt;&gt;</a>&nbsp;&nbsp;&nbsp;HAL_UART_IRQHandler
</UL>

<P><STRONG><a name="[2d3]"></a>LL_SPI_ReceiveData16</STRONG> (Thumb, 8 bytes, Stack size 0 bytes, .\build\stm_spi_api.o(i.LL_SPI_ReceiveData16))
<BR><BR>[Called By]<UL><LI><a href="#[24f]">&gt;&gt;</a>&nbsp;&nbsp;&nbsp;spi_master_write
</UL>

<P><STRONG><a name="[2d4]"></a>LL_SPI_ReceiveData8</STRONG> (Thumb, 8 bytes, Stack size 0 bytes, .\build\stm_spi_api.o(i.LL_SPI_ReceiveData8))
<BR><BR>[Called By]<UL><LI><a href="#[24f]">&gt;&gt;</a>&nbsp;&nbsp;&nbsp;spi_master_write
</UL>

<P><STRONG><a name="[2d0]"></a>__NVIC_ClearPendingIRQ</STRONG> (Thumb, 22 bytes, Stack size 0 bytes, .\build\stm_spi_api.o(i.__NVIC_ClearPendingIRQ))
<BR><BR>[Called By]<UL><LI><a href="#[24c]">&gt;&gt;</a>&nbsp;&nbsp;&nbsp;spi_irq_handler_asynch
<LI><a href="#[2d1]">&gt;&gt;</a>&nbsp;&nbsp;&nbsp;spi_master_start_asynch_transfer
</UL>

<P><STRONG><a name="[2cf]"></a>__NVIC_DisableIRQ</STRONG> (Thumb, 54 bytes, Stack size 0 bytes, .\build\stm_spi_api.o(i.__NVIC_DisableIRQ))
<BR><BR>[Called By]<UL><LI><a href="#[24c]">&gt;&gt;</a>&nbsp;&nbsp;&nbsp;spi_irq_handler_asynch
<LI><a href="#[2d1]">&gt;&gt;</a>&nbsp;&nbsp;&nbsp;spi_master_start_asynch_transfer
</UL>

<P><STRONG><a name="[2d1]"></a>spi_master_start_asynch_transfer</STRONG> (Thumb, 238 bytes, Stack size 48 bytes, .\build\stm_spi_api.o(i.spi_master_start_asynch_transfer))
<BR><BR>[Stack]<UL><LI>Max Depth = 88 + Unknown Stack Size
<LI>Call Chain = spi_master_start_asynch_transfer &rArr; HAL_SPI_Receive_IT &rArr; HAL_SPI_TransmitReceive_IT
</UL>
<BR>[Calls]<UL><LI><a href="#[138]">&gt;&gt;</a>&nbsp;&nbsp;&nbsp;__aeabi_memset
<LI><a href="#[2d2]">&gt;&gt;</a>&nbsp;&nbsp;&nbsp;HAL_SPI_Transmit_IT
<LI><a href="#[1a1]">&gt;&gt;</a>&nbsp;&nbsp;&nbsp;HAL_SPI_TransmitReceive_IT
<LI><a href="#[1a0]">&gt;&gt;</a>&nbsp;&nbsp;&nbsp;HAL_SPI_Receive_IT
<LI><a href="#[2cf]">&gt;&gt;</a>&nbsp;&nbsp;&nbsp;__NVIC_DisableIRQ
<LI><a href="#[2d0]">&gt;&gt;</a>&nbsp;&nbsp;&nbsp;__NVIC_ClearPendingIRQ
</UL>
<BR>[Called By]<UL><LI><a href="#[24a]">&gt;&gt;</a>&nbsp;&nbsp;&nbsp;spi_master_transfer
</UL>

<P><STRONG><a name="[2f2]"></a>_dadd1</STRONG> (Thumb, 0 bytes, Stack size unknown bytes, D:\MDK5\ARM\ARMCC\Bin\..\lib\armlib\fz_wm.l(daddsub_clz.o)(x$fpl$dadd), UNUSED)
<BR><BR>[Called By]<UL><LI><a href="#[2f3]">&gt;&gt;</a>&nbsp;&nbsp;&nbsp;_dsub
<LI><a href="#[2f1]">&gt;&gt;</a>&nbsp;&nbsp;&nbsp;_drsb
</UL>

<P><STRONG><a name="[2e4]"></a>_dsub1</STRONG> (Thumb, 0 bytes, Stack size unknown bytes, D:\MDK5\ARM\ARMCC\Bin\..\lib\armlib\fz_wm.l(daddsub_clz.o)(x$fpl$dsub), UNUSED)
<BR><BR>[Called By]<UL><LI><a href="#[2f1]">&gt;&gt;</a>&nbsp;&nbsp;&nbsp;_drsb
<LI><a href="#[2e3]">&gt;&gt;</a>&nbsp;&nbsp;&nbsp;_dadd
</UL>

<P><STRONG><a name="[142]"></a>_fp_digits</STRONG> (Thumb, 428 bytes, Stack size 96 bytes, D:\MDK5\ARM\ARMCC\Bin\..\lib\armlib\c_w.l(_printf_fp_dec.o)(.text))
<BR><BR>[Stack]<UL><LI>Max Depth = 216<LI>Call Chain = _fp_digits &rArr; _btod_etento &rArr; _btod_emul &rArr; _e2e
</UL>
<BR>[Calls]<UL><LI><a href="#[146]">&gt;&gt;</a>&nbsp;&nbsp;&nbsp;_btod_emul
<LI><a href="#[145]">&gt;&gt;</a>&nbsp;&nbsp;&nbsp;_btod_ediv
<LI><a href="#[144]">&gt;&gt;</a>&nbsp;&nbsp;&nbsp;_btod_d2e
<LI><a href="#[143]">&gt;&gt;</a>&nbsp;&nbsp;&nbsp;_btod_etento
<LI><a href="#[147]">&gt;&gt;</a>&nbsp;&nbsp;&nbsp;_ll_udiv10
</UL>
<BR>[Called By]<UL><LI><a href="#[148]">&gt;&gt;</a>&nbsp;&nbsp;&nbsp;_printf_fp_dec_real
</UL>

<P><STRONG><a name="[76]"></a>_printf_input_char</STRONG> (Thumb, 10 bytes, Stack size 0 bytes, D:\MDK5\ARM\ARMCC\Bin\..\lib\armlib\c_w.l(_printf_char_common.o)(.text))
<BR>[Address Reference Count : 1]<UL><LI> _printf_char_common.o(.text)
</UL>
<P><STRONG><a name="[150]"></a>_local_sscanf</STRONG> (Thumb, 60 bytes, Stack size 56 bytes, D:\MDK5\ARM\ARMCC\Bin\..\lib\armlib\c_w.l(strtod.o)(.text))
<BR><BR>[Stack]<UL><LI>Max Depth = 384<LI>Call Chain = _local_sscanf &rArr; _scanf_real &rArr; _scanf_really_real &rArr; _fp_value &rArr; _btod_etento &rArr; _btod_emul &rArr; _e2e
</UL>
<BR>[Calls]<UL><LI><a href="#[151]">&gt;&gt;</a>&nbsp;&nbsp;&nbsp;_scanf_real
</UL>
<BR>[Called By]<UL><LI><a href="#[152]">&gt;&gt;</a>&nbsp;&nbsp;&nbsp;__strtod_int
</UL>

<P><STRONG><a name="[16c]"></a>_fp_value</STRONG> (Thumb, 508 bytes, Stack size 88 bytes, D:\MDK5\ARM\ARMCC\Bin\..\lib\armlib\c_w.l(scanf_fp.o)(.text))
<BR><BR>[Stack]<UL><LI>Max Depth = 208<LI>Call Chain = _fp_value &rArr; _btod_etento &rArr; _btod_emul &rArr; _e2e
</UL>
<BR>[Calls]<UL><LI><a href="#[16d]">&gt;&gt;</a>&nbsp;&nbsp;&nbsp;_btod_emuld
<LI><a href="#[16e]">&gt;&gt;</a>&nbsp;&nbsp;&nbsp;_btod_edivd
<LI><a href="#[143]">&gt;&gt;</a>&nbsp;&nbsp;&nbsp;_btod_etento
<LI><a href="#[12a]">&gt;&gt;</a>&nbsp;&nbsp;&nbsp;__aeabi_errno_addr
</UL>
<BR>[Called By]<UL><LI><a href="#[16f]">&gt;&gt;</a>&nbsp;&nbsp;&nbsp;_scanf_really_real
</UL>
<P>
<H3>
Undefined Global Symbols
</H3><HR></body></html>
