<html>
<body>
<pre>
<h1>礦ision Build Log</h1>
<h2>Tool Versions:</h2>
IDE-Version: μVision V5.14.0.0
Copyright (C) 2015 ARM Ltd and ARM Germany GmbH. All rights reserved.
License Information: ffff sfsgs, sfsfs, LIC=9N0BS-L3V6S-QIZ5M-XRJQJ-14VUP-2DSZH
 
Tool Versions:
Toolchain:       MDK-ARM Professional  Version: 5.14.0.0
Toolchain Path:  D:\MDK5\ARM\ARMCC\Bin
C Compiler:      Armcc.exe V5.05 update 1 (build 106)
Assembler:       Armasm.exe V5.05 update 1 (build 106)
Linker/Locator:  ArmLink.exe V5.05 update 1 (build 106)
Library Manager: ArmAr.exe V5.05 update 1 (build 106)
Hex Converter:   FromElf.exe V5.05 update 1 (build 106)
CPU DLL:         SARMCM3.DLL V5.14.0.0
Dialog DLL:      DCM.DLL V1.13.1.0
Target DLL:      STLink\ST-LINKIII-KEIL_SWO.dll V2.0.14.0_KEIL
Dialog DLL:      TCM.DLL V1.14.4.0
 
<h2>Project:</h2>
E:\寒假文献\MIT mini cheetah电机控制\MIT_FOC_STM32\Hobbyking_Cheetah_Compact_DRV8323_uvision5_nucleo_f446re\Hobbyking_Cheetah_Compact_DRV8323\Hobbyking_Cheetah_Compact_DRV8323.uvprojx
Project File Date:  07/02/2020

<h2>Output:</h2>
Build target 'Hobbyking_Cheetah_Compact_DRV8323'
compiling calibration.cpp...
Calibration/calibration.cpp(100): warning:  #550-D: variable "cogging_current" was set but never used
      float cogging_current[window] = {0};
Calibration/calibration.cpp: 1 warning, 0 errors
compiling foc.cpp...
FOC/foc.cpp(184): warning:  #177-D: variable "v_d_ff" was declared but never referenced
         float v_d_ff = SQRT3*(1.0f*controller->i_d_ref*R_PHASE  - controller->dtheta_elec*L_Q*controller->i_q);   //feed-forward voltages
FOC/foc.cpp(185): warning:  #177-D: variable "v_q_ff" was declared but never referenced
         float v_q_ff =  SQRT3*(1.0f*controller->i_q_ref*R_PHASE +  controller->dtheta_elec*(L_D*controller->i_d + 1.0f*WB));
FOC/foc.cpp: 2 warnings, 0 errors
compiling main.cpp...
linking...
.\BUILD\Hobbyking_Cheetah_Compact_DRV8323.axf: Warning: L6320W: Ignoring --keep command. Cannot find argument 'os_cb_sections'.
Program Size: Code=66936 RO-data=6344 RW-data=368 ZI-data=5124  
Finished: 0 information, 1 warning and 0 error messages.
".\BUILD\Hobbyking_Cheetah_Compact_DRV8323.axf" - 0 Error(s), 4 Warning(s).

<h2>Collection of Component include folders:</h2>
  E:\寒假文献\MIT mini cheetah电机控制\MIT_FOC_STM32\Hobbyking_Cheetah_Compact_DRV8323_uvision5_nucleo_f446re\Hobbyking_Cheetah_Compact_DRV8323\RTE
  D:\MDK5\ARM\PACK\Keil\STM32F4xx_DFP\2.13.0

<h2>Collection of Component Files used:</h2>
</pre>
</body>
</html>
